<?xml version="1.0" encoding="ISO-8859-1" ?>
<link_info>
   <banner>TI ARM Linker PC v20.2.6.LTS</banner>
   <copyright>Copyright (c) 1996-2018 Texas Instruments Incorporated</copyright>
   <link_time>0x6284f41b</link_time>
   <link_errors>0x0</link_errors>
   <output_file>Projektv1.out</output_file>
   <entry_point>
      <name>_c_int00_noargs</name>
      <address>0x3035</address>
   </entry_point>
   <input_file_list>
      <input_file id="fl-2">
         <path>.\</path>
         <kind>object</kind>
         <file>com.obj</file>
         <name>com.obj</name>
      </input_file>
      <input_file id="fl-3">
         <path>.\</path>
         <kind>object</kind>
         <file>croutine.obj</file>
         <name>croutine.obj</name>
      </input_file>
      <input_file id="fl-4">
         <path>.\</path>
         <kind>object</kind>
         <file>event_groups.obj</file>
         <name>event_groups.obj</name>
      </input_file>
      <input_file id="fl-5">
         <path>.\</path>
         <kind>object</kind>
         <file>heap_2.obj</file>
         <name>heap_2.obj</name>
      </input_file>
      <input_file id="fl-6">
         <path>.\</path>
         <kind>object</kind>
         <file>i2c.obj</file>
         <name>i2c.obj</name>
      </input_file>
      <input_file id="fl-7">
         <path>.\</path>
         <kind>object</kind>
         <file>list.obj</file>
         <name>list.obj</name>
      </input_file>
      <input_file id="fl-8">
         <path>.\</path>
         <kind>object</kind>
         <file>main.obj</file>
         <name>main.obj</name>
      </input_file>
      <input_file id="fl-9">
         <path>.\</path>
         <kind>object</kind>
         <file>port.obj</file>
         <name>port.obj</name>
      </input_file>
      <input_file id="fl-a">
         <path>.\</path>
         <kind>object</kind>
         <file>portasm.obj</file>
         <name>portasm.obj</name>
      </input_file>
      <input_file id="fl-b">
         <path>.\</path>
         <kind>object</kind>
         <file>queue.obj</file>
         <name>queue.obj</name>
      </input_file>
      <input_file id="fl-c">
         <path>.\</path>
         <kind>object</kind>
         <file>startup_frt.obj</file>
         <name>startup_frt.obj</name>
      </input_file>
      <input_file id="fl-d">
         <path>.\</path>
         <kind>object</kind>
         <file>status_led.obj</file>
         <name>status_led.obj</name>
      </input_file>
      <input_file id="fl-e">
         <path>.\</path>
         <kind>object</kind>
         <file>stream_buffer.obj</file>
         <name>stream_buffer.obj</name>
      </input_file>
      <input_file id="fl-f">
         <path>.\</path>
         <kind>object</kind>
         <file>systick_frt.obj</file>
         <name>systick_frt.obj</name>
      </input_file>
      <input_file id="fl-10">
         <path>.\</path>
         <kind>object</kind>
         <file>tasks.obj</file>
         <name>tasks.obj</name>
      </input_file>
      <input_file id="fl-11">
         <path>.\</path>
         <kind>object</kind>
         <file>timers.obj</file>
         <name>timers.obj</name>
      </input_file>
      <input_file id="fl-12">
         <path>.\</path>
         <kind>object</kind>
         <file>uart0.obj</file>
         <name>uart0.obj</name>
      </input_file>
      <input_file id="fl-13">
         <path>.\driverlib\</path>
         <kind>object</kind>
         <file>cpu.obj</file>
         <name>cpu.obj</name>
      </input_file>
      <input_file id="fl-14">
         <path>.\driverlib\</path>
         <kind>object</kind>
         <file>gpio.obj</file>
         <name>gpio.obj</name>
      </input_file>
      <input_file id="fl-15">
         <path>.\driverlib\</path>
         <kind>object</kind>
         <file>i2c.obj</file>
         <name>i2c.obj</name>
      </input_file>
      <input_file id="fl-16">
         <path>.\driverlib\</path>
         <kind>object</kind>
         <file>interrupt.obj</file>
         <name>interrupt.obj</name>
      </input_file>
      <input_file id="fl-17">
         <path>.\driverlib\</path>
         <kind>object</kind>
         <file>sysctl.obj</file>
         <name>sysctl.obj</name>
      </input_file>
      <input_file id="fl-18">
         <path>.\driverlib\</path>
         <kind>object</kind>
         <file>uart.obj</file>
         <name>uart.obj</name>
      </input_file>
      <input_file id="fl-19">
         <path>.\utils\</path>
         <kind>object</kind>
         <file>uartstdio.obj</file>
         <name>uartstdio.obj</name>
      </input_file>
      <input_file id="fl-1d">
         <kind>object</kind>
         <file>&lt;internal&gt;</file>
         <name>&lt;internal&gt;</name>
      </input_file>
      <input_file id="fl-d3">
         <path>C:\ti\ccs1110\ccs\tools\compiler\ti-cgt-arm_20.2.6.LTS\lib\</path>
         <kind>archive</kind>
         <file>rtsv7M4_T_le_v4SPD16_eabi.lib</file>
         <name>memcpy_t2.asm.obj</name>
      </input_file>
      <input_file id="fl-d4">
         <path>C:\ti\ccs1110\ccs\tools\compiler\ti-cgt-arm_20.2.6.LTS\lib\</path>
         <kind>archive</kind>
         <file>rtsv7M4_T_le_v4SPD16_eabi.lib</file>
         <name>memset_t2.asm.obj</name>
      </input_file>
      <input_file id="fl-d5">
         <path>C:\ti\ccs1110\ccs\tools\compiler\ti-cgt-arm_20.2.6.LTS\lib\</path>
         <kind>archive</kind>
         <file>rtsv7M4_T_le_v4SPD16_eabi.lib</file>
         <name>u_divt2.asm.obj</name>
      </input_file>
      <input_file id="fl-d6">
         <path>C:\ti\ccs1110\ccs\tools\compiler\ti-cgt-arm_20.2.6.LTS\lib\</path>
         <kind>archive</kind>
         <file>rtsv7M4_T_le_v4SPD16_eabi.lib</file>
         <name>copy_zero_init.c.obj</name>
      </input_file>
      <input_file id="fl-d7">
         <path>C:\ti\ccs1110\ccs\tools\compiler\ti-cgt-arm_20.2.6.LTS\lib\</path>
         <kind>archive</kind>
         <file>rtsv7M4_T_le_v4SPD16_eabi.lib</file>
         <name>copy_decompress_none.c.obj</name>
      </input_file>
      <input_file id="fl-d8">
         <path>C:\ti\ccs1110\ccs\tools\compiler\ti-cgt-arm_20.2.6.LTS\lib\</path>
         <kind>archive</kind>
         <file>rtsv7M4_T_le_v4SPD16_eabi.lib</file>
         <name>copy_decompress_lzss.c.obj</name>
      </input_file>
      <input_file id="fl-d9">
         <path>C:\ti\ccs1110\ccs\tools\compiler\ti-cgt-arm_20.2.6.LTS\lib\</path>
         <kind>archive</kind>
         <file>rtsv7M4_T_le_v4SPD16_eabi.lib</file>
         <name>boot_cortex_m.c.obj</name>
      </input_file>
      <input_file id="fl-da">
         <path>C:\ti\ccs1110\ccs\tools\compiler\ti-cgt-arm_20.2.6.LTS\lib\</path>
         <kind>archive</kind>
         <file>rtsv7M4_T_le_v4SPD16_eabi.lib</file>
         <name>div0.asm.obj</name>
      </input_file>
      <input_file id="fl-db">
         <path>C:\ti\ccs1110\ccs\tools\compiler\ti-cgt-arm_20.2.6.LTS\lib\</path>
         <kind>archive</kind>
         <file>rtsv7M4_T_le_v4SPD16_eabi.lib</file>
         <name>autoinit.c.obj</name>
      </input_file>
      <input_file id="fl-dc">
         <path>C:\ti\ccs1110\ccs\tools\compiler\ti-cgt-arm_20.2.6.LTS\lib\</path>
         <kind>archive</kind>
         <file>rtsv7M4_T_le_v4SPD16_eabi.lib</file>
         <name>pre_init.c.obj</name>
      </input_file>
      <input_file id="fl-dd">
         <path>C:\ti\ccs1110\ccs\tools\compiler\ti-cgt-arm_20.2.6.LTS\lib\</path>
         <kind>archive</kind>
         <file>rtsv7M4_T_le_v4SPD16_eabi.lib</file>
         <name>cpy_tbl.c.obj</name>
      </input_file>
      <input_file id="fl-de">
         <path>C:\ti\ccs1110\ccs\tools\compiler\ti-cgt-arm_20.2.6.LTS\lib\</path>
         <kind>archive</kind>
         <file>rtsv7M4_T_le_v4SPD16_eabi.lib</file>
         <name>exit.c.obj</name>
      </input_file>
      <input_file id="fl-df">
         <path>C:\ti\ccs1110\ccs\tools\compiler\ti-cgt-arm_20.2.6.LTS\lib\</path>
         <kind>archive</kind>
         <file>rtsv7M4_T_le_v4SPD16_eabi.lib</file>
         <name>_lock.c.obj</name>
      </input_file>
      <input_file id="fl-e0">
         <path>C:\ti\ccs1110\ccs\tools\compiler\ti-cgt-arm_20.2.6.LTS\lib\</path>
         <kind>archive</kind>
         <file>rtsv7M4_T_le_v4SPD16_eabi.lib</file>
         <name>args_main.c.obj</name>
      </input_file>
   </input_file_list>
   <object_component_list>
      <object_component id="oc-12">
         <name>.intvecs</name>
         <load_address>0x0</load_address>
         <run_address>0x0</run_address>
         <size>0x26c</size>
         <input_file_ref idref="fl-c"/>
      </object_component>
      <object_component id="oc-7f">
         <name>.text</name>
         <load_address>0x26c</load_address>
         <run_address>0x26c</run_address>
         <size>0x1d30</size>
         <input_file_ref idref="fl-10"/>
      </object_component>
      <object_component id="oc-149">
         <name>.text</name>
         <load_address>0x1f9c</load_address>
         <run_address>0x1f9c</run_address>
         <size>0x464</size>
         <input_file_ref idref="fl-12"/>
      </object_component>
      <object_component id="oc-142">
         <name>.text</name>
         <load_address>0x2400</load_address>
         <run_address>0x2400</run_address>
         <size>0x408</size>
         <input_file_ref idref="fl-2"/>
      </object_component>
      <object_component id="oc-de">
         <name>.text</name>
         <load_address>0x2808</load_address>
         <run_address>0x2808</run_address>
         <size>0x1d8</size>
         <input_file_ref idref="fl-5"/>
      </object_component>
      <object_component id="oc-32">
         <name>.text</name>
         <load_address>0x29e0</load_address>
         <run_address>0x29e0</run_address>
         <size>0x13c</size>
         <input_file_ref idref="fl-9"/>
      </object_component>
      <object_component id="oc-e4">
         <name>.text</name>
         <load_address>0x2b1c</load_address>
         <run_address>0x2b1c</run_address>
         <size>0x12a</size>
         <input_file_ref idref="fl-7"/>
      </object_component>
      <object_component id="oc-2d">
         <name>.text</name>
         <load_address>0x2c48</load_address>
         <run_address>0x2c48</run_address>
         <size>0xda</size>
         <input_file_ref idref="fl-a"/>
      </object_component>
      <object_component id="oc-46">
         <name>.text</name>
         <load_address>0x2d22</load_address>
         <run_address>0x2d22</run_address>
         <size>0x9c</size>
         <input_file_ref idref="fl-d3"/>
      </object_component>
      <object_component id="oc-c2">
         <name>.text</name>
         <load_address>0x2dc0</load_address>
         <run_address>0x2dc0</run_address>
         <size>0x88</size>
         <input_file_ref idref="fl-8"/>
      </object_component>
      <object_component id="oc-b6">
         <name>.text</name>
         <load_address>0x2e48</load_address>
         <run_address>0x2e48</run_address>
         <size>0x7a</size>
         <input_file_ref idref="fl-d4"/>
      </object_component>
      <object_component id="oc-136">
         <name>.text</name>
         <load_address>0x2ec4</load_address>
         <run_address>0x2ec4</run_address>
         <size>0x6c</size>
         <input_file_ref idref="fl-f"/>
      </object_component>
      <object_component id="oc-15">
         <name>.text:decompress:lzss:__TI_decompress_lzss</name>
         <load_address>0x2f30</load_address>
         <run_address>0x2f30</run_address>
         <size>0x68</size>
         <input_file_ref idref="fl-d8"/>
      </object_component>
      <object_component id="oc-13c">
         <name>.text</name>
         <load_address>0x2f98</load_address>
         <run_address>0x2f98</run_address>
         <size>0x58</size>
         <input_file_ref idref="fl-d"/>
      </object_component>
      <object_component id="oc-15c">
         <name>.text:__TI_auto_init_nobinit_nopinit:__TI_auto_init_nobinit_nopinit</name>
         <load_address>0x2ff0</load_address>
         <run_address>0x2ff0</run_address>
         <size>0x44</size>
         <input_file_ref idref="fl-db"/>
      </object_component>
      <object_component id="oc-64">
         <name>.text:_c_int00_noargs:_c_int00_noargs</name>
         <load_address>0x3034</load_address>
         <run_address>0x3034</run_address>
         <size>0x34</size>
         <input_file_ref idref="fl-d9"/>
      </object_component>
      <object_component id="oc-1b">
         <name>.text:decompress:none:__TI_decompress_none</name>
         <load_address>0x3068</load_address>
         <run_address>0x3068</run_address>
         <size>0xe</size>
         <input_file_ref idref="fl-d7"/>
      </object_component>
      <object_component id="oc-58">
         <name>.text:decompress:ZI:__TI_zero_init</name>
         <load_address>0x3076</load_address>
         <run_address>0x3076</run_address>
         <size>0xc</size>
         <input_file_ref idref="fl-d6"/>
      </object_component>
      <object_component id="oc-27">
         <name>.text</name>
         <load_address>0x3082</load_address>
         <run_address>0x3082</run_address>
         <size>0xc</size>
         <input_file_ref idref="fl-c"/>
      </object_component>
      <object_component id="oc-bc">
         <name>.text:_system_pre_init</name>
         <load_address>0x308e</load_address>
         <run_address>0x308e</run_address>
         <size>0x4</size>
         <input_file_ref idref="fl-dc"/>
      </object_component>
      <object_component id="oc-150">
         <name>.text:abort:abort</name>
         <load_address>0x3092</load_address>
         <run_address>0x3092</run_address>
         <size>0x4</size>
         <input_file_ref idref="fl-de"/>
      </object_component>
      <object_component id="oc-7c">
         <name>.const</name>
         <load_address>0x3098</load_address>
         <run_address>0x3098</run_address>
         <size>0x4</size>
         <input_file_ref idref="fl-9"/>
      </object_component>
      <object_component id="oc-f6">
         <name>.const</name>
         <load_address>0x309c</load_address>
         <run_address>0x309c</run_address>
         <size>0x4</size>
         <input_file_ref idref="fl-10"/>
      </object_component>
      <object_component id="oc-294">
         <name>.cinit..data.load</name>
         <load_address>0x30a0</load_address>
         <run_address>0x30a0</run_address>
         <size>0x12</size>
      </object_component>
      <object_component id="oc-292">
         <name>__TI_handler_table</name>
         <load_address>0x30b4</load_address>
         <run_address>0x30b4</run_address>
         <size>0xc</size>
      </object_component>
      <object_component id="oc-295">
         <name>.cinit..bss.load</name>
         <load_address>0x30c0</load_address>
         <run_address>0x30c0</run_address>
         <size>0x8</size>
      </object_component>
      <object_component id="oc-293">
         <name>__TI_cinit_table</name>
         <load_address>0x30c8</load_address>
         <run_address>0x30c8</run_address>
         <size>0x10</size>
      </object_component>
      <object_component id="oc-1d8">
         <name>.data</name>
         <load_address>0x20001ee0</load_address>
         <run_address>0x20001ee0</run_address>
         <size>0x1</size>
         <input_file_ref idref="fl-2"/>
      </object_component>
      <object_component id="oc-1a9">
         <name>.data</name>
         <load_address>0x20001ed4</load_address>
         <run_address>0x20001ed4</run_address>
         <size>0x8</size>
         <input_file_ref idref="fl-5"/>
      </object_component>
      <object_component id="oc-148">
         <name>.data</name>
         <load_address>0x20001ee1</load_address>
         <run_address>0x20001ee1</run_address>
         <size>0x1</size>
         <input_file_ref idref="fl-8"/>
      </object_component>
      <object_component id="oc-86">
         <name>.data</name>
         <load_address>0x20001edc</load_address>
         <run_address>0x20001edc</run_address>
         <size>0x4</size>
         <input_file_ref idref="fl-9"/>
      </object_component>
      <object_component id="oc-79">
         <name>.data</name>
         <load_address>0x20001ea0</load_address>
         <run_address>0x20001ea0</run_address>
         <size>0x34</size>
         <input_file_ref idref="fl-10"/>
      </object_component>
      <object_component id="oc-1b2">
         <name>.bss:ucHeap</name>
         <uninitialized>true</uninitialized>
         <run_address>0x20000000</run_address>
         <size>0x1b58</size>
         <input_file_ref idref="fl-5"/>
      </object_component>
      <object_component id="oc-1ac">
         <name>.bss:xStart</name>
         <uninitialized>true</uninitialized>
         <run_address>0x20001c94</run_address>
         <size>0x8</size>
         <input_file_ref idref="fl-5"/>
      </object_component>
      <object_component id="oc-1af">
         <name>.bss:xEnd</name>
         <uninitialized>true</uninitialized>
         <run_address>0x20001c8c</run_address>
         <size>0x8</size>
         <input_file_ref idref="fl-5"/>
      </object_component>
      <object_component id="oc-ea">
         <name>.bss:pxReadyTasksLists</name>
         <uninitialized>true</uninitialized>
         <run_address>0x20001b58</run_address>
         <size>0xc8</size>
         <input_file_ref idref="fl-10"/>
      </object_component>
      <object_component id="oc-fc">
         <name>.bss:xDelayedTaskList1</name>
         <uninitialized>true</uninitialized>
         <run_address>0x20001c20</run_address>
         <size>0x14</size>
         <input_file_ref idref="fl-10"/>
      </object_component>
      <object_component id="oc-ff">
         <name>.bss:xDelayedTaskList2</name>
         <uninitialized>true</uninitialized>
         <run_address>0x20001c34</run_address>
         <size>0x14</size>
         <input_file_ref idref="fl-10"/>
      </object_component>
      <object_component id="oc-f9">
         <name>.bss</name>
         <uninitialized>true</uninitialized>
         <run_address>0x20001c84</run_address>
         <size>0x8</size>
         <input_file_ref idref="fl-10"/>
      </object_component>
      <object_component id="oc-f3">
         <name>.bss:xPendingReadyList</name>
         <uninitialized>true</uninitialized>
         <run_address>0x20001c48</run_address>
         <size>0x14</size>
         <input_file_ref idref="fl-10"/>
      </object_component>
      <object_component id="oc-ed">
         <name>.bss:xTasksWaitingTermination</name>
         <uninitialized>true</uninitialized>
         <run_address>0x20001c70</run_address>
         <size>0x14</size>
         <input_file_ref idref="fl-10"/>
      </object_component>
      <object_component id="oc-f0">
         <name>.bss:xSuspendedTaskList</name>
         <uninitialized>true</uninitialized>
         <run_address>0x20001c5c</run_address>
         <size>0x14</size>
         <input_file_ref idref="fl-10"/>
      </object_component>
      <object_component id="oc-24">
         <name>.stack</name>
         <uninitialized>true</uninitialized>
         <run_address>0x20001ca0</run_address>
         <size>0x4</size>
         <input_file_ref idref="fl-d9"/>
      </object_component>
      <object_component id="oc-297">
         <name>.stack</name>
         <uninitialized>true</uninitialized>
         <run_address>0x20001ca0</run_address>
         <size>0x0</size>
      </object_component>
      <object_component id="oc-11b">
         <name>.debug_info</name>
         <load_address>0x0</load_address>
         <run_address>0x0</run_address>
         <size>0x418</size>
         <input_file_ref idref="fl-2"/>
      </object_component>
      <object_component id="oc-1d9">
         <name>.debug_info</name>
         <load_address>0x418</load_address>
         <run_address>0x418</run_address>
         <size>0xd0</size>
         <input_file_ref idref="fl-2"/>
      </object_component>
      <object_component id="oc-144">
         <name>.debug_info</name>
         <load_address>0x4e8</load_address>
         <run_address>0x4e8</run_address>
         <size>0xb34</size>
         <input_file_ref idref="fl-2"/>
      </object_component>
      <object_component id="oc-10c">
         <name>.debug_info</name>
         <load_address>0x101c</load_address>
         <run_address>0x101c</run_address>
         <size>0x315</size>
         <input_file_ref idref="fl-2"/>
      </object_component>
      <object_component id="oc-97">
         <name>.debug_info</name>
         <load_address>0x1331</load_address>
         <run_address>0x1331</run_address>
         <size>0x26b</size>
         <input_file_ref idref="fl-2"/>
      </object_component>
      <object_component id="oc-116">
         <name>.debug_info</name>
         <load_address>0x159c</load_address>
         <run_address>0x159c</run_address>
         <size>0x3e3</size>
         <input_file_ref idref="fl-2"/>
      </object_component>
      <object_component id="oc-1cb">
         <name>.debug_info</name>
         <load_address>0x197f</load_address>
         <run_address>0x197f</run_address>
         <size>0x35</size>
         <input_file_ref idref="fl-2"/>
      </object_component>
      <object_component id="oc-11c">
         <name>.debug_info</name>
         <load_address>0x19b4</load_address>
         <run_address>0x19b4</run_address>
         <size>0x8b</size>
         <input_file_ref idref="fl-2"/>
      </object_component>
      <object_component id="oc-8b">
         <name>.debug_info</name>
         <load_address>0x1a3f</load_address>
         <run_address>0x1a3f</run_address>
         <size>0x2c</size>
         <input_file_ref idref="fl-2"/>
      </object_component>
      <object_component id="oc-121">
         <name>.debug_info</name>
         <load_address>0x1a6b</load_address>
         <run_address>0x1a6b</run_address>
         <size>0x2a4</size>
         <input_file_ref idref="fl-2"/>
      </object_component>
      <object_component id="oc-9c">
         <name>.debug_info</name>
         <load_address>0x1d0f</load_address>
         <run_address>0x1d0f</run_address>
         <size>0xbb</size>
         <input_file_ref idref="fl-2"/>
      </object_component>
      <object_component id="oc-107">
         <name>.debug_info</name>
         <load_address>0x1dca</load_address>
         <run_address>0x1dca</run_address>
         <size>0x53</size>
         <input_file_ref idref="fl-2"/>
      </object_component>
      <object_component id="oc-90">
         <name>.debug_info</name>
         <load_address>0x1e1d</load_address>
         <run_address>0x1e1d</run_address>
         <size>0x53</size>
         <input_file_ref idref="fl-2"/>
      </object_component>
      <object_component id="oc-111">
         <name>.debug_info</name>
         <load_address>0x1e70</load_address>
         <run_address>0x1e70</run_address>
         <size>0x14c</size>
         <input_file_ref idref="fl-2"/>
      </object_component>
      <object_component id="oc-41">
         <name>.debug_info</name>
         <load_address>0x1fbc</load_address>
         <run_address>0x1fbc</run_address>
         <size>0x84</size>
         <input_file_ref idref="fl-3"/>
      </object_component>
      <object_component id="oc-1fe">
         <name>.debug_info</name>
         <load_address>0x2040</load_address>
         <run_address>0x2040</run_address>
         <size>0x639</size>
         <input_file_ref idref="fl-4"/>
      </object_component>
      <object_component id="oc-195">
         <name>.debug_info</name>
         <load_address>0x2679</load_address>
         <run_address>0x2679</run_address>
         <size>0x110</size>
         <input_file_ref idref="fl-4"/>
      </object_component>
      <object_component id="oc-1a4">
         <name>.debug_info</name>
         <load_address>0x2789</load_address>
         <run_address>0x2789</run_address>
         <size>0x3e3</size>
         <input_file_ref idref="fl-4"/>
      </object_component>
      <object_component id="oc-244">
         <name>.debug_info</name>
         <load_address>0x2b6c</load_address>
         <run_address>0x2b6c</run_address>
         <size>0x62</size>
         <input_file_ref idref="fl-4"/>
      </object_component>
      <object_component id="oc-249">
         <name>.debug_info</name>
         <load_address>0x2bce</load_address>
         <run_address>0x2bce</run_address>
         <size>0x39</size>
         <input_file_ref idref="fl-4"/>
      </object_component>
      <object_component id="oc-190">
         <name>.debug_info</name>
         <load_address>0x2c07</load_address>
         <run_address>0x2c07</run_address>
         <size>0x4f</size>
         <input_file_ref idref="fl-4"/>
      </object_component>
      <object_component id="oc-1b6">
         <name>.debug_info</name>
         <load_address>0x2c56</load_address>
         <run_address>0x2c56</run_address>
         <size>0x404</size>
         <input_file_ref idref="fl-5"/>
      </object_component>
      <object_component id="oc-1b3">
         <name>.debug_info</name>
         <load_address>0x305a</load_address>
         <run_address>0x305a</run_address>
         <size>0xc8</size>
         <input_file_ref idref="fl-5"/>
      </object_component>
      <object_component id="oc-1ad">
         <name>.debug_info</name>
         <load_address>0x3122</load_address>
         <run_address>0x3122</run_address>
         <size>0xc8</size>
         <input_file_ref idref="fl-5"/>
      </object_component>
      <object_component id="oc-1b0">
         <name>.debug_info</name>
         <load_address>0x31ea</load_address>
         <run_address>0x31ea</run_address>
         <size>0xc4</size>
         <input_file_ref idref="fl-5"/>
      </object_component>
      <object_component id="oc-1aa">
         <name>.debug_info</name>
         <load_address>0x32ae</load_address>
         <run_address>0x32ae</run_address>
         <size>0xe2</size>
         <input_file_ref idref="fl-5"/>
      </object_component>
      <object_component id="oc-e0">
         <name>.debug_info</name>
         <load_address>0x3390</load_address>
         <run_address>0x3390</run_address>
         <size>0x543</size>
         <input_file_ref idref="fl-5"/>
      </object_component>
      <object_component id="oc-204">
         <name>.debug_info</name>
         <load_address>0x38d3</load_address>
         <run_address>0x38d3</run_address>
         <size>0x62</size>
         <input_file_ref idref="fl-5"/>
      </object_component>
      <object_component id="oc-1b8">
         <name>.debug_info</name>
         <load_address>0x3935</load_address>
         <run_address>0x3935</run_address>
         <size>0x370</size>
         <input_file_ref idref="fl-7"/>
      </object_component>
      <object_component id="oc-e7">
         <name>.debug_info</name>
         <load_address>0x3ca5</load_address>
         <run_address>0x3ca5</run_address>
         <size>0x440</size>
         <input_file_ref idref="fl-7"/>
      </object_component>
      <object_component id="oc-c3">
         <name>.debug_info</name>
         <load_address>0x40e5</load_address>
         <run_address>0x40e5</run_address>
         <size>0x1e9</size>
         <input_file_ref idref="fl-8"/>
      </object_component>
      <object_component id="oc-1d2">
         <name>.debug_info</name>
         <load_address>0x42ce</load_address>
         <run_address>0x42ce</run_address>
         <size>0xae</size>
         <input_file_ref idref="fl-8"/>
      </object_component>
      <object_component id="oc-8a">
         <name>.debug_info</name>
         <load_address>0x437c</load_address>
         <run_address>0x437c</run_address>
         <size>0x3f0</size>
         <input_file_ref idref="fl-9"/>
      </object_component>
      <object_component id="oc-7d">
         <name>.debug_info</name>
         <load_address>0x476c</load_address>
         <run_address>0x476c</run_address>
         <size>0xf5</size>
         <input_file_ref idref="fl-9"/>
      </object_component>
      <object_component id="oc-87">
         <name>.debug_info</name>
         <load_address>0x4861</load_address>
         <run_address>0x4861</run_address>
         <size>0xdc</size>
         <input_file_ref idref="fl-9"/>
      </object_component>
      <object_component id="oc-35">
         <name>.debug_info</name>
         <load_address>0x493d</load_address>
         <run_address>0x493d</run_address>
         <size>0x49c</size>
         <input_file_ref idref="fl-9"/>
      </object_component>
      <object_component id="oc-2f">
         <name>.debug_info</name>
         <load_address>0x4dd9</load_address>
         <run_address>0x4dd9</run_address>
         <size>0x22a</size>
         <input_file_ref idref="fl-a"/>
      </object_component>
      <object_component id="oc-1ff">
         <name>.debug_info</name>
         <load_address>0x5003</load_address>
         <run_address>0x5003</run_address>
         <size>0x804</size>
         <input_file_ref idref="fl-b"/>
      </object_component>
      <object_component id="oc-250">
         <name>.debug_info</name>
         <load_address>0x5807</load_address>
         <run_address>0x5807</run_address>
         <size>0x1c7</size>
         <input_file_ref idref="fl-b"/>
      </object_component>
      <object_component id="oc-255">
         <name>.debug_info</name>
         <load_address>0x59ce</load_address>
         <run_address>0x59ce</run_address>
         <size>0x46</size>
         <input_file_ref idref="fl-b"/>
      </object_component>
      <object_component id="oc-19a">
         <name>.debug_info</name>
         <load_address>0x5a14</load_address>
         <run_address>0x5a14</run_address>
         <size>0x35</size>
         <input_file_ref idref="fl-b"/>
      </object_component>
      <object_component id="oc-3a">
         <name>.debug_info</name>
         <load_address>0x5a49</load_address>
         <run_address>0x5a49</run_address>
         <size>0x31b</size>
         <input_file_ref idref="fl-c"/>
      </object_component>
      <object_component id="oc-13">
         <name>.debug_info</name>
         <load_address>0x5d64</load_address>
         <run_address>0x5d64</run_address>
         <size>0xda</size>
         <input_file_ref idref="fl-c"/>
      </object_component>
      <object_component id="oc-29">
         <name>.debug_info</name>
         <load_address>0x5e3e</load_address>
         <run_address>0x5e3e</run_address>
         <size>0x1ee</size>
         <input_file_ref idref="fl-c"/>
      </object_component>
      <object_component id="oc-1d7">
         <name>.debug_info</name>
         <load_address>0x602c</load_address>
         <run_address>0x602c</run_address>
         <size>0x3a0</size>
         <input_file_ref idref="fl-d"/>
      </object_component>
      <object_component id="oc-13d">
         <name>.debug_info</name>
         <load_address>0x63cc</load_address>
         <run_address>0x63cc</run_address>
         <size>0x1ea</size>
         <input_file_ref idref="fl-d"/>
      </object_component>
      <object_component id="oc-218">
         <name>.debug_info</name>
         <load_address>0x65b6</load_address>
         <run_address>0x65b6</run_address>
         <size>0x315</size>
         <input_file_ref idref="fl-d"/>
      </object_component>
      <object_component id="oc-213">
         <name>.debug_info</name>
         <load_address>0x68cb</load_address>
         <run_address>0x68cb</run_address>
         <size>0x4f</size>
         <input_file_ref idref="fl-d"/>
      </object_component>
      <object_component id="oc-12d">
         <name>.debug_info</name>
         <load_address>0x691a</load_address>
         <run_address>0x691a</run_address>
         <size>0x2c</size>
         <input_file_ref idref="fl-e"/>
      </object_component>
      <object_component id="oc-137">
         <name>.debug_info</name>
         <load_address>0x6946</load_address>
         <run_address>0x6946</run_address>
         <size>0x112</size>
         <input_file_ref idref="fl-f"/>
      </object_component>
      <object_component id="oc-d6">
         <name>.debug_info</name>
         <load_address>0x6a58</load_address>
         <run_address>0x6a58</run_address>
         <size>0x752</size>
         <input_file_ref idref="fl-10"/>
      </object_component>
      <object_component id="oc-7a">
         <name>.debug_info</name>
         <load_address>0x71aa</load_address>
         <run_address>0x71aa</run_address>
         <size>0x335</size>
         <input_file_ref idref="fl-10"/>
      </object_component>
      <object_component id="oc-eb">
         <name>.debug_info</name>
         <load_address>0x74df</load_address>
         <run_address>0x74df</run_address>
         <size>0xde</size>
         <input_file_ref idref="fl-10"/>
      </object_component>
      <object_component id="oc-fd">
         <name>.debug_info</name>
         <load_address>0x75bd</load_address>
         <run_address>0x75bd</run_address>
         <size>0xde</size>
         <input_file_ref idref="fl-10"/>
      </object_component>
      <object_component id="oc-100">
         <name>.debug_info</name>
         <load_address>0x769b</load_address>
         <run_address>0x769b</run_address>
         <size>0xde</size>
         <input_file_ref idref="fl-10"/>
      </object_component>
      <object_component id="oc-fa">
         <name>.debug_info</name>
         <load_address>0x7779</load_address>
         <run_address>0x7779</run_address>
         <size>0x121</size>
         <input_file_ref idref="fl-10"/>
      </object_component>
      <object_component id="oc-f4">
         <name>.debug_info</name>
         <load_address>0x789a</load_address>
         <run_address>0x789a</run_address>
         <size>0xde</size>
         <input_file_ref idref="fl-10"/>
      </object_component>
      <object_component id="oc-ee">
         <name>.debug_info</name>
         <load_address>0x7978</load_address>
         <run_address>0x7978</run_address>
         <size>0xec</size>
         <input_file_ref idref="fl-10"/>
      </object_component>
      <object_component id="oc-f1">
         <name>.debug_info</name>
         <load_address>0x7a64</load_address>
         <run_address>0x7a64</run_address>
         <size>0xe0</size>
         <input_file_ref idref="fl-10"/>
      </object_component>
      <object_component id="oc-f7">
         <name>.debug_info</name>
         <load_address>0x7b44</load_address>
         <run_address>0x7b44</run_address>
         <size>0xdf</size>
         <input_file_ref idref="fl-10"/>
      </object_component>
      <object_component id="oc-82">
         <name>.debug_info</name>
         <load_address>0x7c23</load_address>
         <run_address>0x7c23</run_address>
         <size>0x41f6</size>
         <input_file_ref idref="fl-10"/>
      </object_component>
      <object_component id="oc-d7">
         <name>.debug_info</name>
         <load_address>0xbe19</load_address>
         <run_address>0xbe19</run_address>
         <size>0x30c</size>
         <input_file_ref idref="fl-10"/>
      </object_component>
      <object_component id="oc-19f">
         <name>.debug_info</name>
         <load_address>0xc125</load_address>
         <run_address>0xc125</run_address>
         <size>0x11b</size>
         <input_file_ref idref="fl-10"/>
      </object_component>
      <object_component id="oc-1dd">
         <name>.debug_info</name>
         <load_address>0xc240</load_address>
         <run_address>0xc240</run_address>
         <size>0x39f</size>
         <input_file_ref idref="fl-12"/>
      </object_component>
      <object_component id="oc-14a">
         <name>.debug_info</name>
         <load_address>0xc5df</load_address>
         <run_address>0xc5df</run_address>
         <size>0xbb3</size>
         <input_file_ref idref="fl-12"/>
      </object_component>
      <object_component id="oc-49">
         <name>.debug_info</name>
         <load_address>0xd192</load_address>
         <run_address>0xd192</run_address>
         <size>0x119</size>
         <input_file_ref idref="fl-d3"/>
      </object_component>
      <object_component id="oc-b7">
         <name>.debug_info</name>
         <load_address>0xd2ab</load_address>
         <run_address>0xd2ab</run_address>
         <size>0x147</size>
         <input_file_ref idref="fl-d4"/>
      </object_component>
      <object_component id="oc-b5">
         <name>.debug_info</name>
         <load_address>0xd3f2</load_address>
         <run_address>0xd3f2</run_address>
         <size>0x2d4</size>
         <input_file_ref idref="fl-d6"/>
      </object_component>
      <object_component id="oc-5c">
         <name>.debug_info</name>
         <load_address>0xd6c6</load_address>
         <run_address>0xd6c6</run_address>
         <size>0x1b5</size>
         <input_file_ref idref="fl-d6"/>
      </object_component>
      <object_component id="oc-b0">
         <name>.debug_info</name>
         <load_address>0xd87b</load_address>
         <run_address>0xd87b</run_address>
         <size>0x46</size>
         <input_file_ref idref="fl-d6"/>
      </object_component>
      <object_component id="oc-51">
         <name>.debug_info</name>
         <load_address>0xd8c1</load_address>
         <run_address>0xd8c1</run_address>
         <size>0x2a8</size>
         <input_file_ref idref="fl-d7"/>
      </object_component>
      <object_component id="oc-1c">
         <name>.debug_info</name>
         <load_address>0xdb69</load_address>
         <run_address>0xdb69</run_address>
         <size>0x1ea</size>
         <input_file_ref idref="fl-d7"/>
      </object_component>
      <object_component id="oc-4c">
         <name>.debug_info</name>
         <load_address>0xdd53</load_address>
         <run_address>0xdd53</run_address>
         <size>0x46</size>
         <input_file_ref idref="fl-d7"/>
      </object_component>
      <object_component id="oc-a8">
         <name>.debug_info</name>
         <load_address>0xdd99</load_address>
         <run_address>0xdd99</run_address>
         <size>0x2c</size>
         <input_file_ref idref="fl-d7"/>
      </object_component>
      <object_component id="oc-a6">
         <name>.debug_info</name>
         <load_address>0xddc5</load_address>
         <run_address>0xddc5</run_address>
         <size>0x29e</size>
         <input_file_ref idref="fl-d8"/>
      </object_component>
      <object_component id="oc-16">
         <name>.debug_info</name>
         <load_address>0xe063</load_address>
         <run_address>0xe063</run_address>
         <size>0x250</size>
         <input_file_ref idref="fl-d8"/>
      </object_component>
      <object_component id="oc-3c">
         <name>.debug_info</name>
         <load_address>0xe2b3</load_address>
         <run_address>0xe2b3</run_address>
         <size>0x60</size>
         <input_file_ref idref="fl-d8"/>
      </object_component>
      <object_component id="oc-126">
         <name>.debug_info</name>
         <load_address>0xe313</load_address>
         <run_address>0xe313</run_address>
         <size>0x46</size>
         <input_file_ref idref="fl-d8"/>
      </object_component>
      <object_component id="oc-a1">
         <name>.debug_info</name>
         <load_address>0xe359</load_address>
         <run_address>0xe359</run_address>
         <size>0x39</size>
         <input_file_ref idref="fl-d8"/>
      </object_component>
      <object_component id="oc-25">
         <name>.debug_info</name>
         <load_address>0xe392</load_address>
         <run_address>0xe392</run_address>
         <size>0x10b</size>
         <input_file_ref idref="fl-d9"/>
      </object_component>
      <object_component id="oc-66">
         <name>.debug_info</name>
         <load_address>0xe49d</load_address>
         <run_address>0xe49d</run_address>
         <size>0x1a9</size>
         <input_file_ref idref="fl-d9"/>
      </object_component>
      <object_component id="oc-1e9">
         <name>.debug_info</name>
         <load_address>0xe646</load_address>
         <run_address>0xe646</run_address>
         <size>0x4b3</size>
         <input_file_ref idref="fl-db"/>
      </object_component>
      <object_component id="oc-15f">
         <name>.debug_info</name>
         <load_address>0xeaf9</load_address>
         <run_address>0xeaf9</run_address>
         <size>0x1a6</size>
         <input_file_ref idref="fl-db"/>
      </object_component>
      <object_component id="oc-231">
         <name>.debug_info</name>
         <load_address>0xec9f</load_address>
         <run_address>0xec9f</run_address>
         <size>0x39</size>
         <input_file_ref idref="fl-db"/>
      </object_component>
      <object_component id="oc-25d">
         <name>.debug_info</name>
         <load_address>0xecd8</load_address>
         <run_address>0xecd8</run_address>
         <size>0x39</size>
         <input_file_ref idref="fl-db"/>
      </object_component>
      <object_component id="oc-236">
         <name>.debug_info</name>
         <load_address>0xed11</load_address>
         <run_address>0xed11</run_address>
         <size>0x39</size>
         <input_file_ref idref="fl-db"/>
      </object_component>
      <object_component id="oc-23b">
         <name>.debug_info</name>
         <load_address>0xed4a</load_address>
         <run_address>0xed4a</run_address>
         <size>0xcd</size>
         <input_file_ref idref="fl-db"/>
      </object_component>
      <object_component id="oc-bd">
         <name>.debug_info</name>
         <load_address>0xee17</load_address>
         <run_address>0xee17</run_address>
         <size>0x153</size>
         <input_file_ref idref="fl-dc"/>
      </object_component>
      <object_component id="oc-151">
         <name>.debug_info</name>
         <load_address>0xef6a</load_address>
         <run_address>0xef6a</run_address>
         <size>0x122</size>
         <input_file_ref idref="fl-de"/>
      </object_component>
      <object_component id="oc-298">
         <name>.debug_info</name>
         <load_address>0xf08c</load_address>
         <run_address>0xf08c</run_address>
         <size>0x9a</size>
      </object_component>
      <object_component id="oc-1ca">
         <name>.debug_line</name>
         <load_address>0x0</load_address>
         <run_address>0x0</run_address>
         <size>0x56</size>
         <input_file_ref idref="fl-2"/>
      </object_component>
      <object_component id="oc-21e">
         <name>.debug_line</name>
         <load_address>0x56</load_address>
         <run_address>0x56</run_address>
         <size>0x2c</size>
         <input_file_ref idref="fl-2"/>
      </object_component>
      <object_component id="oc-143">
         <name>.debug_line</name>
         <load_address>0x82</load_address>
         <run_address>0x82</run_address>
         <size>0x2dd</size>
         <input_file_ref idref="fl-2"/>
      </object_component>
      <object_component id="oc-10f">
         <name>.debug_line</name>
         <load_address>0x35f</load_address>
         <run_address>0x35f</run_address>
         <size>0x4a</size>
         <input_file_ref idref="fl-2"/>
      </object_component>
      <object_component id="oc-9a">
         <name>.debug_line</name>
         <load_address>0x3a9</load_address>
         <run_address>0x3a9</run_address>
         <size>0x6f</size>
         <input_file_ref idref="fl-2"/>
      </object_component>
      <object_component id="oc-119">
         <name>.debug_line</name>
         <load_address>0x418</load_address>
         <run_address>0x418</run_address>
         <size>0x4e</size>
         <input_file_ref idref="fl-2"/>
      </object_component>
      <object_component id="oc-1ce">
         <name>.debug_line</name>
         <load_address>0x466</load_address>
         <run_address>0x466</run_address>
         <size>0x53</size>
         <input_file_ref idref="fl-2"/>
      </object_component>
      <object_component id="oc-11f">
         <name>.debug_line</name>
         <load_address>0x4b9</load_address>
         <run_address>0x4b9</run_address>
         <size>0x20</size>
         <input_file_ref idref="fl-2"/>
      </object_component>
      <object_component id="oc-8e">
         <name>.debug_line</name>
         <load_address>0x4d9</load_address>
         <run_address>0x4d9</run_address>
         <size>0x4e</size>
         <input_file_ref idref="fl-2"/>
      </object_component>
      <object_component id="oc-124">
         <name>.debug_line</name>
         <load_address>0x527</load_address>
         <run_address>0x527</run_address>
         <size>0x73</size>
         <input_file_ref idref="fl-2"/>
      </object_component>
      <object_component id="oc-9f">
         <name>.debug_line</name>
         <load_address>0x59a</load_address>
         <run_address>0x59a</run_address>
         <size>0x70</size>
         <input_file_ref idref="fl-2"/>
      </object_component>
      <object_component id="oc-10a">
         <name>.debug_line</name>
         <load_address>0x60a</load_address>
         <run_address>0x60a</run_address>
         <size>0x6b</size>
         <input_file_ref idref="fl-2"/>
      </object_component>
      <object_component id="oc-93">
         <name>.debug_line</name>
         <load_address>0x675</load_address>
         <run_address>0x675</run_address>
         <size>0x57</size>
         <input_file_ref idref="fl-2"/>
      </object_component>
      <object_component id="oc-114">
         <name>.debug_line</name>
         <load_address>0x6cc</load_address>
         <run_address>0x6cc</run_address>
         <size>0x4a</size>
         <input_file_ref idref="fl-2"/>
      </object_component>
      <object_component id="oc-44">
         <name>.debug_line</name>
         <load_address>0x716</load_address>
         <run_address>0x716</run_address>
         <size>0x20</size>
         <input_file_ref idref="fl-3"/>
      </object_component>
      <object_component id="oc-243">
         <name>.debug_line</name>
         <load_address>0x736</load_address>
         <run_address>0x736</run_address>
         <size>0xd9</size>
         <input_file_ref idref="fl-4"/>
      </object_component>
      <object_component id="oc-198">
         <name>.debug_line</name>
         <load_address>0x80f</load_address>
         <run_address>0x80f</run_address>
         <size>0x6b</size>
         <input_file_ref idref="fl-4"/>
      </object_component>
      <object_component id="oc-1a7">
         <name>.debug_line</name>
         <load_address>0x87a</load_address>
         <run_address>0x87a</run_address>
         <size>0x4e</size>
         <input_file_ref idref="fl-4"/>
      </object_component>
      <object_component id="oc-247">
         <name>.debug_line</name>
         <load_address>0x8c8</load_address>
         <run_address>0x8c8</run_address>
         <size>0x35</size>
         <input_file_ref idref="fl-4"/>
      </object_component>
      <object_component id="oc-24c">
         <name>.debug_line</name>
         <load_address>0x8fd</load_address>
         <run_address>0x8fd</run_address>
         <size>0x52</size>
         <input_file_ref idref="fl-4"/>
      </object_component>
      <object_component id="oc-193">
         <name>.debug_line</name>
         <load_address>0x94f</load_address>
         <run_address>0x94f</run_address>
         <size>0x4c</size>
         <input_file_ref idref="fl-4"/>
      </object_component>
      <object_component id="oc-20e">
         <name>.debug_line</name>
         <load_address>0x99b</load_address>
         <run_address>0x99b</run_address>
         <size>0x4a</size>
         <input_file_ref idref="fl-5"/>
      </object_component>
      <object_component id="oc-20c">
         <name>.debug_line</name>
         <load_address>0x9e5</load_address>
         <run_address>0x9e5</run_address>
         <size>0x2f</size>
         <input_file_ref idref="fl-5"/>
      </object_component>
      <object_component id="oc-203">
         <name>.debug_line</name>
         <load_address>0xa14</load_address>
         <run_address>0xa14</run_address>
         <size>0x2f</size>
         <input_file_ref idref="fl-5"/>
      </object_component>
      <object_component id="oc-20a">
         <name>.debug_line</name>
         <load_address>0xa43</load_address>
         <run_address>0xa43</run_address>
         <size>0x2f</size>
         <input_file_ref idref="fl-5"/>
      </object_component>
      <object_component id="oc-201">
         <name>.debug_line</name>
         <load_address>0xa72</load_address>
         <run_address>0xa72</run_address>
         <size>0x2f</size>
         <input_file_ref idref="fl-5"/>
      </object_component>
      <object_component id="oc-df">
         <name>.debug_line</name>
         <load_address>0xaa1</load_address>
         <run_address>0xaa1</run_address>
         <size>0x106</size>
         <input_file_ref idref="fl-5"/>
      </object_component>
      <object_component id="oc-207">
         <name>.debug_line</name>
         <load_address>0xba7</load_address>
         <run_address>0xba7</run_address>
         <size>0x2f</size>
         <input_file_ref idref="fl-5"/>
      </object_component>
      <object_component id="oc-210">
         <name>.debug_line</name>
         <load_address>0xbd6</load_address>
         <run_address>0xbd6</run_address>
         <size>0x20</size>
         <input_file_ref idref="fl-7"/>
      </object_component>
      <object_component id="oc-e9">
         <name>.debug_line</name>
         <load_address>0xbf6</load_address>
         <run_address>0xbf6</run_address>
         <size>0xe0</size>
         <input_file_ref idref="fl-7"/>
      </object_component>
      <object_component id="oc-c7">
         <name>.debug_line</name>
         <load_address>0xcd6</load_address>
         <run_address>0xcd6</run_address>
         <size>0x66</size>
         <input_file_ref idref="fl-8"/>
      </object_component>
      <object_component id="oc-1d5">
         <name>.debug_line</name>
         <load_address>0xd3c</load_address>
         <run_address>0xd3c</run_address>
         <size>0x31</size>
         <input_file_ref idref="fl-8"/>
      </object_component>
      <object_component id="oc-106">
         <name>.debug_line</name>
         <load_address>0xd6d</load_address>
         <run_address>0xd6d</run_address>
         <size>0x57</size>
         <input_file_ref idref="fl-9"/>
      </object_component>
      <object_component id="oc-dd">
         <name>.debug_line</name>
         <load_address>0xdc4</load_address>
         <run_address>0xdc4</run_address>
         <size>0x2d</size>
         <input_file_ref idref="fl-9"/>
      </object_component>
      <object_component id="oc-104">
         <name>.debug_line</name>
         <load_address>0xdf1</load_address>
         <run_address>0xdf1</run_address>
         <size>0x2d</size>
         <input_file_ref idref="fl-9"/>
      </object_component>
      <object_component id="oc-37">
         <name>.debug_line</name>
         <load_address>0xe1e</load_address>
         <run_address>0xe1e</run_address>
         <size>0x12f</size>
         <input_file_ref idref="fl-9"/>
      </object_component>
      <object_component id="oc-31">
         <name>.debug_line</name>
         <load_address>0xf4d</load_address>
         <run_address>0xf4d</run_address>
         <size>0xc2</size>
         <input_file_ref idref="fl-a"/>
      </object_component>
      <object_component id="oc-24f">
         <name>.debug_line</name>
         <load_address>0x100f</load_address>
         <run_address>0x100f</run_address>
         <size>0xd9</size>
         <input_file_ref idref="fl-b"/>
      </object_component>
      <object_component id="oc-253">
         <name>.debug_line</name>
         <load_address>0x10e8</load_address>
         <run_address>0x10e8</run_address>
         <size>0x2e</size>
         <input_file_ref idref="fl-b"/>
      </object_component>
      <object_component id="oc-258">
         <name>.debug_line</name>
         <load_address>0x1116</load_address>
         <run_address>0x1116</run_address>
         <size>0x4b</size>
         <input_file_ref idref="fl-b"/>
      </object_component>
      <object_component id="oc-19d">
         <name>.debug_line</name>
         <load_address>0x1161</load_address>
         <run_address>0x1161</run_address>
         <size>0x74</size>
         <input_file_ref idref="fl-b"/>
      </object_component>
      <object_component id="oc-96">
         <name>.debug_line</name>
         <load_address>0x11d5</load_address>
         <run_address>0x11d5</run_address>
         <size>0x34</size>
         <input_file_ref idref="fl-c"/>
      </object_component>
      <object_component id="oc-39">
         <name>.debug_line</name>
         <load_address>0x1209</load_address>
         <run_address>0x1209</run_address>
         <size>0x34</size>
         <input_file_ref idref="fl-c"/>
      </object_component>
      <object_component id="oc-2b">
         <name>.debug_line</name>
         <load_address>0x123d</load_address>
         <run_address>0x123d</run_address>
         <size>0x94</size>
         <input_file_ref idref="fl-c"/>
      </object_component>
      <object_component id="oc-212">
         <name>.debug_line</name>
         <load_address>0x12d1</load_address>
         <run_address>0x12d1</run_address>
         <size>0x4a</size>
         <input_file_ref idref="fl-d"/>
      </object_component>
      <object_component id="oc-141">
         <name>.debug_line</name>
         <load_address>0x131b</load_address>
         <run_address>0x131b</run_address>
         <size>0x70</size>
         <input_file_ref idref="fl-d"/>
      </object_component>
      <object_component id="oc-21b">
         <name>.debug_line</name>
         <load_address>0x138b</load_address>
         <run_address>0x138b</run_address>
         <size>0x4a</size>
         <input_file_ref idref="fl-d"/>
      </object_component>
      <object_component id="oc-216">
         <name>.debug_line</name>
         <load_address>0x13d5</load_address>
         <run_address>0x13d5</run_address>
         <size>0x4b</size>
         <input_file_ref idref="fl-d"/>
      </object_component>
      <object_component id="oc-130">
         <name>.debug_line</name>
         <load_address>0x1420</load_address>
         <run_address>0x1420</run_address>
         <size>0x6b</size>
         <input_file_ref idref="fl-e"/>
      </object_component>
      <object_component id="oc-13a">
         <name>.debug_line</name>
         <load_address>0x148b</load_address>
         <run_address>0x148b</run_address>
         <size>0x53</size>
         <input_file_ref idref="fl-f"/>
      </object_component>
      <object_component id="oc-18f">
         <name>.debug_line</name>
         <load_address>0x14de</load_address>
         <run_address>0x14de</run_address>
         <size>0xfa</size>
         <input_file_ref idref="fl-10"/>
      </object_component>
      <object_component id="oc-d5">
         <name>.debug_line</name>
         <load_address>0x15d8</load_address>
         <run_address>0x15d8</run_address>
         <size>0x2e</size>
         <input_file_ref idref="fl-10"/>
      </object_component>
      <object_component id="oc-1ba">
         <name>.debug_line</name>
         <load_address>0x1606</load_address>
         <run_address>0x1606</run_address>
         <size>0x2e</size>
         <input_file_ref idref="fl-10"/>
      </object_component>
      <object_component id="oc-1c6">
         <name>.debug_line</name>
         <load_address>0x1634</load_address>
         <run_address>0x1634</run_address>
         <size>0x2e</size>
         <input_file_ref idref="fl-10"/>
      </object_component>
      <object_component id="oc-1c8">
         <name>.debug_line</name>
         <load_address>0x1662</load_address>
         <run_address>0x1662</run_address>
         <size>0x2e</size>
         <input_file_ref idref="fl-10"/>
      </object_component>
      <object_component id="oc-1c4">
         <name>.debug_line</name>
         <load_address>0x1690</load_address>
         <run_address>0x1690</run_address>
         <size>0x2e</size>
         <input_file_ref idref="fl-10"/>
      </object_component>
      <object_component id="oc-1c0">
         <name>.debug_line</name>
         <load_address>0x16be</load_address>
         <run_address>0x16be</run_address>
         <size>0x2e</size>
         <input_file_ref idref="fl-10"/>
      </object_component>
      <object_component id="oc-1bc">
         <name>.debug_line</name>
         <load_address>0x16ec</load_address>
         <run_address>0x16ec</run_address>
         <size>0x2e</size>
         <input_file_ref idref="fl-10"/>
      </object_component>
      <object_component id="oc-1be">
         <name>.debug_line</name>
         <load_address>0x171a</load_address>
         <run_address>0x171a</run_address>
         <size>0x2e</size>
         <input_file_ref idref="fl-10"/>
      </object_component>
      <object_component id="oc-1c2">
         <name>.debug_line</name>
         <load_address>0x1748</load_address>
         <run_address>0x1748</run_address>
         <size>0x2e</size>
         <input_file_ref idref="fl-10"/>
      </object_component>
      <object_component id="oc-84">
         <name>.debug_line</name>
         <load_address>0x1776</load_address>
         <run_address>0x1776</run_address>
         <size>0xb5c</size>
         <input_file_ref idref="fl-10"/>
      </object_component>
      <object_component id="oc-da">
         <name>.debug_line</name>
         <load_address>0x22d2</load_address>
         <run_address>0x22d2</run_address>
         <size>0x4a</size>
         <input_file_ref idref="fl-10"/>
      </object_component>
      <object_component id="oc-1a2">
         <name>.debug_line</name>
         <load_address>0x231c</load_address>
         <run_address>0x231c</run_address>
         <size>0x2e</size>
         <input_file_ref idref="fl-10"/>
      </object_component>
      <object_component id="oc-220">
         <name>.debug_line</name>
         <load_address>0x234a</load_address>
         <run_address>0x234a</run_address>
         <size>0x4a</size>
         <input_file_ref idref="fl-12"/>
      </object_component>
      <object_component id="oc-14d">
         <name>.debug_line</name>
         <load_address>0x2394</load_address>
         <run_address>0x2394</run_address>
         <size>0x2cd</size>
         <input_file_ref idref="fl-12"/>
      </object_component>
      <object_component id="oc-48">
         <name>.debug_line</name>
         <load_address>0x2661</load_address>
         <run_address>0x2661</run_address>
         <size>0x88</size>
         <input_file_ref idref="fl-d3"/>
      </object_component>
      <object_component id="oc-ba">
         <name>.debug_line</name>
         <load_address>0x26e9</load_address>
         <run_address>0x26e9</run_address>
         <size>0x79</size>
         <input_file_ref idref="fl-d4"/>
      </object_component>
      <object_component id="oc-133">
         <name>.debug_line</name>
         <load_address>0x2762</load_address>
         <run_address>0x2762</run_address>
         <size>0x92</size>
         <input_file_ref idref="fl-d6"/>
      </object_component>
      <object_component id="oc-59">
         <name>.debug_line</name>
         <load_address>0x27f4</load_address>
         <run_address>0x27f4</run_address>
         <size>0x53</size>
         <input_file_ref idref="fl-d6"/>
      </object_component>
      <object_component id="oc-b3">
         <name>.debug_line</name>
         <load_address>0x2847</load_address>
         <run_address>0x2847</run_address>
         <size>0x34</size>
         <input_file_ref idref="fl-d6"/>
      </object_component>
      <object_component id="oc-ae">
         <name>.debug_line</name>
         <load_address>0x287b</load_address>
         <run_address>0x287b</run_address>
         <size>0x20</size>
         <input_file_ref idref="fl-d7"/>
      </object_component>
      <object_component id="oc-1f">
         <name>.debug_line</name>
         <load_address>0x289b</load_address>
         <run_address>0x289b</run_address>
         <size>0x55</size>
         <input_file_ref idref="fl-d7"/>
      </object_component>
      <object_component id="oc-4f">
         <name>.debug_line</name>
         <load_address>0x28f0</load_address>
         <run_address>0x28f0</run_address>
         <size>0x3a</size>
         <input_file_ref idref="fl-d7"/>
      </object_component>
      <object_component id="oc-ab">
         <name>.debug_line</name>
         <load_address>0x292a</load_address>
         <run_address>0x292a</run_address>
         <size>0x92</size>
         <input_file_ref idref="fl-d7"/>
      </object_component>
      <object_component id="oc-12c">
         <name>.debug_line</name>
         <load_address>0x29bc</load_address>
         <run_address>0x29bc</run_address>
         <size>0x20</size>
         <input_file_ref idref="fl-d8"/>
      </object_component>
      <object_component id="oc-19">
         <name>.debug_line</name>
         <load_address>0x29dc</load_address>
         <run_address>0x29dc</run_address>
         <size>0xa9</size>
         <input_file_ref idref="fl-d8"/>
      </object_component>
      <object_component id="oc-3f">
         <name>.debug_line</name>
         <load_address>0x2a85</load_address>
         <run_address>0x2a85</run_address>
         <size>0x3a</size>
         <input_file_ref idref="fl-d8"/>
      </object_component>
      <object_component id="oc-129">
         <name>.debug_line</name>
         <load_address>0x2abf</load_address>
         <run_address>0x2abf</run_address>
         <size>0x9a</size>
         <input_file_ref idref="fl-d8"/>
      </object_component>
      <object_component id="oc-a4">
         <name>.debug_line</name>
         <load_address>0x2b59</load_address>
         <run_address>0x2b59</run_address>
         <size>0x96</size>
         <input_file_ref idref="fl-d8"/>
      </object_component>
      <object_component id="oc-77">
         <name>.debug_line</name>
         <load_address>0x2bef</load_address>
         <run_address>0x2bef</run_address>
         <size>0x33</size>
         <input_file_ref idref="fl-d9"/>
      </object_component>
      <object_component id="oc-68">
         <name>.debug_line</name>
         <load_address>0x2c22</load_address>
         <run_address>0x2c22</run_address>
         <size>0x45</size>
         <input_file_ref idref="fl-d9"/>
      </object_component>
      <object_component id="oc-230">
         <name>.debug_line</name>
         <load_address>0x2c67</load_address>
         <run_address>0x2c67</run_address>
         <size>0xbf</size>
         <input_file_ref idref="fl-db"/>
      </object_component>
      <object_component id="oc-161">
         <name>.debug_line</name>
         <load_address>0x2d26</load_address>
         <run_address>0x2d26</run_address>
         <size>0x6f</size>
         <input_file_ref idref="fl-db"/>
      </object_component>
      <object_component id="oc-234">
         <name>.debug_line</name>
         <load_address>0x2d95</load_address>
         <run_address>0x2d95</run_address>
         <size>0x2e</size>
         <input_file_ref idref="fl-db"/>
      </object_component>
      <object_component id="oc-260">
         <name>.debug_line</name>
         <load_address>0x2dc3</load_address>
         <run_address>0x2dc3</run_address>
         <size>0x9a</size>
         <input_file_ref idref="fl-db"/>
      </object_component>
      <object_component id="oc-239">
         <name>.debug_line</name>
         <load_address>0x2e5d</load_address>
         <run_address>0x2e5d</run_address>
         <size>0x97</size>
         <input_file_ref idref="fl-db"/>
      </object_component>
      <object_component id="oc-23e">
         <name>.debug_line</name>
         <load_address>0x2ef4</load_address>
         <run_address>0x2ef4</run_address>
         <size>0x93</size>
         <input_file_ref idref="fl-db"/>
      </object_component>
      <object_component id="oc-c0">
         <name>.debug_line</name>
         <load_address>0x2f87</load_address>
         <run_address>0x2f87</run_address>
         <size>0x40</size>
         <input_file_ref idref="fl-dc"/>
      </object_component>
      <object_component id="oc-154">
         <name>.debug_line</name>
         <load_address>0x2fc7</load_address>
         <run_address>0x2fc7</run_address>
         <size>0x3c</size>
         <input_file_ref idref="fl-de"/>
      </object_component>
      <object_component id="oc-147">
         <name>.debug_frame</name>
         <load_address>0x0</load_address>
         <run_address>0x0</run_address>
         <size>0x1a8</size>
         <input_file_ref idref="fl-2"/>
      </object_component>
      <object_component id="oc-e3">
         <name>.debug_frame</name>
         <load_address>0x1a8</load_address>
         <run_address>0x1a8</run_address>
         <size>0xbc</size>
         <input_file_ref idref="fl-5"/>
      </object_component>
      <object_component id="oc-e5">
         <name>.debug_frame</name>
         <load_address>0x264</load_address>
         <run_address>0x264</run_address>
         <size>0xb8</size>
         <input_file_ref idref="fl-7"/>
      </object_component>
      <object_component id="oc-c6">
         <name>.debug_frame</name>
         <load_address>0x31c</load_address>
         <run_address>0x31c</run_address>
         <size>0x74</size>
         <input_file_ref idref="fl-8"/>
      </object_component>
      <object_component id="oc-33">
         <name>.debug_frame</name>
         <load_address>0x390</load_address>
         <run_address>0x390</run_address>
         <size>0xec</size>
         <input_file_ref idref="fl-9"/>
      </object_component>
      <object_component id="oc-2c">
         <name>.debug_frame</name>
         <load_address>0x47c</load_address>
         <run_address>0x47c</run_address>
         <size>0x90</size>
         <input_file_ref idref="fl-c"/>
      </object_component>
      <object_component id="oc-140">
         <name>.debug_frame</name>
         <load_address>0x50c</load_address>
         <run_address>0x50c</run_address>
         <size>0x70</size>
         <input_file_ref idref="fl-d"/>
      </object_component>
      <object_component id="oc-13b">
         <name>.debug_frame</name>
         <load_address>0x57c</load_address>
         <run_address>0x57c</run_address>
         <size>0x54</size>
         <input_file_ref idref="fl-f"/>
      </object_component>
      <object_component id="oc-80">
         <name>.debug_frame</name>
         <load_address>0x5d0</load_address>
         <run_address>0x5d0</run_address>
         <size>0x5a4</size>
         <input_file_ref idref="fl-10"/>
      </object_component>
      <object_component id="oc-14e">
         <name>.debug_frame</name>
         <load_address>0xb74</load_address>
         <run_address>0xb74</run_address>
         <size>0x1ec</size>
         <input_file_ref idref="fl-12"/>
      </object_component>
      <object_component id="oc-5b">
         <name>.debug_frame</name>
         <load_address>0xd60</load_address>
         <run_address>0xd60</run_address>
         <size>0x54</size>
         <input_file_ref idref="fl-d6"/>
      </object_component>
      <object_component id="oc-20">
         <name>.debug_frame</name>
         <load_address>0xdb4</load_address>
         <run_address>0xdb4</run_address>
         <size>0x54</size>
         <input_file_ref idref="fl-d7"/>
      </object_component>
      <object_component id="oc-1a">
         <name>.debug_frame</name>
         <load_address>0xe08</load_address>
         <run_address>0xe08</run_address>
         <size>0x60</size>
         <input_file_ref idref="fl-d8"/>
      </object_component>
      <object_component id="oc-69">
         <name>.debug_frame</name>
         <load_address>0xe68</load_address>
         <run_address>0xe68</run_address>
         <size>0x50</size>
         <input_file_ref idref="fl-d9"/>
      </object_component>
      <object_component id="oc-15d">
         <name>.debug_frame</name>
         <load_address>0xeb8</load_address>
         <run_address>0xeb8</run_address>
         <size>0x5c</size>
         <input_file_ref idref="fl-db"/>
      </object_component>
      <object_component id="oc-c1">
         <name>.debug_frame</name>
         <load_address>0xf14</load_address>
         <run_address>0xf14</run_address>
         <size>0x54</size>
         <input_file_ref idref="fl-dc"/>
      </object_component>
      <object_component id="oc-155">
         <name>.debug_frame</name>
         <load_address>0xf68</load_address>
         <run_address>0xf68</run_address>
         <size>0x54</size>
         <input_file_ref idref="fl-de"/>
      </object_component>
      <object_component id="oc-1c9">
         <name>.debug_abbrev</name>
         <load_address>0x0</load_address>
         <run_address>0x0</run_address>
         <size>0xb6</size>
         <input_file_ref idref="fl-2"/>
      </object_component>
      <object_component id="oc-21d">
         <name>.debug_abbrev</name>
         <load_address>0xb6</load_address>
         <run_address>0xb6</run_address>
         <size>0x29</size>
         <input_file_ref idref="fl-2"/>
      </object_component>
      <object_component id="oc-1db">
         <name>.debug_abbrev</name>
         <load_address>0xdf</load_address>
         <run_address>0xdf</run_address>
         <size>0xe1</size>
         <input_file_ref idref="fl-2"/>
      </object_component>
      <object_component id="oc-10e">
         <name>.debug_abbrev</name>
         <load_address>0x1c0</load_address>
         <run_address>0x1c0</run_address>
         <size>0x9f</size>
         <input_file_ref idref="fl-2"/>
      </object_component>
      <object_component id="oc-99">
         <name>.debug_abbrev</name>
         <load_address>0x25f</load_address>
         <run_address>0x25f</run_address>
         <size>0x69</size>
         <input_file_ref idref="fl-2"/>
      </object_component>
      <object_component id="oc-118">
         <name>.debug_abbrev</name>
         <load_address>0x2c8</load_address>
         <run_address>0x2c8</run_address>
         <size>0x70</size>
         <input_file_ref idref="fl-2"/>
      </object_component>
      <object_component id="oc-1cd">
         <name>.debug_abbrev</name>
         <load_address>0x338</load_address>
         <run_address>0x338</run_address>
         <size>0x33</size>
         <input_file_ref idref="fl-2"/>
      </object_component>
      <object_component id="oc-11e">
         <name>.debug_abbrev</name>
         <load_address>0x36b</load_address>
         <run_address>0x36b</run_address>
         <size>0x1f</size>
         <input_file_ref idref="fl-2"/>
      </object_component>
      <object_component id="oc-8d">
         <name>.debug_abbrev</name>
         <load_address>0x38a</load_address>
         <run_address>0x38a</run_address>
         <size>0x24</size>
         <input_file_ref idref="fl-2"/>
      </object_component>
      <object_component id="oc-123">
         <name>.debug_abbrev</name>
         <load_address>0x3ae</load_address>
         <run_address>0x3ae</run_address>
         <size>0x5c</size>
         <input_file_ref idref="fl-2"/>
      </object_component>
      <object_component id="oc-9e">
         <name>.debug_abbrev</name>
         <load_address>0x40a</load_address>
         <run_address>0x40a</run_address>
         <size>0x24</size>
         <input_file_ref idref="fl-2"/>
      </object_component>
      <object_component id="oc-109">
         <name>.debug_abbrev</name>
         <load_address>0x42e</load_address>
         <run_address>0x42e</run_address>
         <size>0x24</size>
         <input_file_ref idref="fl-2"/>
      </object_component>
      <object_component id="oc-92">
         <name>.debug_abbrev</name>
         <load_address>0x452</load_address>
         <run_address>0x452</run_address>
         <size>0x24</size>
         <input_file_ref idref="fl-2"/>
      </object_component>
      <object_component id="oc-113">
         <name>.debug_abbrev</name>
         <load_address>0x476</load_address>
         <run_address>0x476</run_address>
         <size>0x61</size>
         <input_file_ref idref="fl-2"/>
      </object_component>
      <object_component id="oc-43">
         <name>.debug_abbrev</name>
         <load_address>0x4d7</load_address>
         <run_address>0x4d7</run_address>
         <size>0x1f</size>
         <input_file_ref idref="fl-3"/>
      </object_component>
      <object_component id="oc-242">
         <name>.debug_abbrev</name>
         <load_address>0x4f6</load_address>
         <run_address>0x4f6</run_address>
         <size>0x111</size>
         <input_file_ref idref="fl-4"/>
      </object_component>
      <object_component id="oc-197">
         <name>.debug_abbrev</name>
         <load_address>0x607</load_address>
         <run_address>0x607</run_address>
         <size>0x5a</size>
         <input_file_ref idref="fl-4"/>
      </object_component>
      <object_component id="oc-1a6">
         <name>.debug_abbrev</name>
         <load_address>0x661</load_address>
         <run_address>0x661</run_address>
         <size>0x70</size>
         <input_file_ref idref="fl-4"/>
      </object_component>
      <object_component id="oc-246">
         <name>.debug_abbrev</name>
         <load_address>0x6d1</load_address>
         <run_address>0x6d1</run_address>
         <size>0x4b</size>
         <input_file_ref idref="fl-4"/>
      </object_component>
      <object_component id="oc-24b">
         <name>.debug_abbrev</name>
         <load_address>0x71c</load_address>
         <run_address>0x71c</run_address>
         <size>0x24</size>
         <input_file_ref idref="fl-4"/>
      </object_component>
      <object_component id="oc-192">
         <name>.debug_abbrev</name>
         <load_address>0x740</load_address>
         <run_address>0x740</run_address>
         <size>0x33</size>
         <input_file_ref idref="fl-4"/>
      </object_component>
      <object_component id="oc-20d">
         <name>.debug_abbrev</name>
         <load_address>0x773</load_address>
         <run_address>0x773</run_address>
         <size>0xbf</size>
         <input_file_ref idref="fl-5"/>
      </object_component>
      <object_component id="oc-20b">
         <name>.debug_abbrev</name>
         <load_address>0x832</load_address>
         <run_address>0x832</run_address>
         <size>0x27</size>
         <input_file_ref idref="fl-5"/>
      </object_component>
      <object_component id="oc-202">
         <name>.debug_abbrev</name>
         <load_address>0x859</load_address>
         <run_address>0x859</run_address>
         <size>0x27</size>
         <input_file_ref idref="fl-5"/>
      </object_component>
      <object_component id="oc-209">
         <name>.debug_abbrev</name>
         <load_address>0x880</load_address>
         <run_address>0x880</run_address>
         <size>0x27</size>
         <input_file_ref idref="fl-5"/>
      </object_component>
      <object_component id="oc-200">
         <name>.debug_abbrev</name>
         <load_address>0x8a7</load_address>
         <run_address>0x8a7</run_address>
         <size>0x27</size>
         <input_file_ref idref="fl-5"/>
      </object_component>
      <object_component id="oc-1b5">
         <name>.debug_abbrev</name>
         <load_address>0x8ce</load_address>
         <run_address>0x8ce</run_address>
         <size>0x10c</size>
         <input_file_ref idref="fl-5"/>
      </object_component>
      <object_component id="oc-206">
         <name>.debug_abbrev</name>
         <load_address>0x9da</load_address>
         <run_address>0x9da</run_address>
         <size>0x4b</size>
         <input_file_ref idref="fl-5"/>
      </object_component>
      <object_component id="oc-20f">
         <name>.debug_abbrev</name>
         <load_address>0xa25</load_address>
         <run_address>0xa25</run_address>
         <size>0x88</size>
         <input_file_ref idref="fl-7"/>
      </object_component>
      <object_component id="oc-1b7">
         <name>.debug_abbrev</name>
         <load_address>0xaad</load_address>
         <run_address>0xaad</run_address>
         <size>0x9b</size>
         <input_file_ref idref="fl-7"/>
      </object_component>
      <object_component id="oc-14f">
         <name>.debug_abbrev</name>
         <load_address>0xb48</load_address>
         <run_address>0xb48</run_address>
         <size>0x99</size>
         <input_file_ref idref="fl-8"/>
      </object_component>
      <object_component id="oc-1d4">
         <name>.debug_abbrev</name>
         <load_address>0xbe1</load_address>
         <run_address>0xbe1</run_address>
         <size>0x24</size>
         <input_file_ref idref="fl-8"/>
      </object_component>
      <object_component id="oc-105">
         <name>.debug_abbrev</name>
         <load_address>0xc05</load_address>
         <run_address>0xc05</run_address>
         <size>0xa4</size>
         <input_file_ref idref="fl-9"/>
      </object_component>
      <object_component id="oc-dc">
         <name>.debug_abbrev</name>
         <load_address>0xca9</load_address>
         <run_address>0xca9</run_address>
         <size>0x29</size>
         <input_file_ref idref="fl-9"/>
      </object_component>
      <object_component id="oc-103">
         <name>.debug_abbrev</name>
         <load_address>0xcd2</load_address>
         <run_address>0xcd2</run_address>
         <size>0x27</size>
         <input_file_ref idref="fl-9"/>
      </object_component>
      <object_component id="oc-89">
         <name>.debug_abbrev</name>
         <load_address>0xcf9</load_address>
         <run_address>0xcf9</run_address>
         <size>0x101</size>
         <input_file_ref idref="fl-9"/>
      </object_component>
      <object_component id="oc-85">
         <name>.debug_abbrev</name>
         <load_address>0xdfa</load_address>
         <run_address>0xdfa</run_address>
         <size>0x75</size>
         <input_file_ref idref="fl-a"/>
      </object_component>
      <object_component id="oc-24e">
         <name>.debug_abbrev</name>
         <load_address>0xe6f</load_address>
         <run_address>0xe6f</run_address>
         <size>0x129</size>
         <input_file_ref idref="fl-b"/>
      </object_component>
      <object_component id="oc-252">
         <name>.debug_abbrev</name>
         <load_address>0xf98</load_address>
         <run_address>0xf98</run_address>
         <size>0x70</size>
         <input_file_ref idref="fl-b"/>
      </object_component>
      <object_component id="oc-257">
         <name>.debug_abbrev</name>
         <load_address>0x1008</load_address>
         <run_address>0x1008</run_address>
         <size>0x24</size>
         <input_file_ref idref="fl-b"/>
      </object_component>
      <object_component id="oc-19c">
         <name>.debug_abbrev</name>
         <load_address>0x102c</load_address>
         <run_address>0x102c</run_address>
         <size>0x33</size>
         <input_file_ref idref="fl-b"/>
      </object_component>
      <object_component id="oc-95">
         <name>.debug_abbrev</name>
         <load_address>0x105f</load_address>
         <run_address>0x105f</run_address>
         <size>0x7c</size>
         <input_file_ref idref="fl-c"/>
      </object_component>
      <object_component id="oc-38">
         <name>.debug_abbrev</name>
         <load_address>0x10db</load_address>
         <run_address>0x10db</run_address>
         <size>0x29</size>
         <input_file_ref idref="fl-c"/>
      </object_component>
      <object_component id="oc-78">
         <name>.debug_abbrev</name>
         <load_address>0x1104</load_address>
         <run_address>0x1104</run_address>
         <size>0x79</size>
         <input_file_ref idref="fl-c"/>
      </object_component>
      <object_component id="oc-211">
         <name>.debug_abbrev</name>
         <load_address>0x117d</load_address>
         <run_address>0x117d</run_address>
         <size>0x90</size>
[...]
         <name>com_task</name>
         <value>0x2799</value>
         <object_component_ref idref="oc-142"/>
      </symbol>
      <symbol id="sm-b4">
         <name>signal_flag</name>
         <value>0x20001ee0</value>
         <object_component_ref idref="oc-1d8"/>
      </symbol>
      <symbol id="sm-b5">
         <name>com_wait_for_signal</name>
         <value>0x24f9</value>
         <object_component_ref idref="oc-142"/>
      </symbol>
      <symbol id="sm-b6">
         <name>com_send_signal</name>
         <value>0x2443</value>
         <object_component_ref idref="oc-142"/>
      </symbol>
      <symbol id="sm-b7">
         <name>com_get_string_better</name>
         <value>0x26c9</value>
         <object_component_ref idref="oc-142"/>
      </symbol>
      <symbol id="sm-b8">
         <name>com_get_data</name>
         <value>0x24a1</value>
         <object_component_ref idref="oc-142"/>
      </symbol>
      <symbol id="sm-b9">
         <name>com_init</name>
         <value>0x2401</value>
         <object_component_ref idref="oc-142"/>
      </symbol>
      <symbol id="sm-ba">
         <name>com_send_message</name>
         <value>0x276d</value>
         <object_component_ref idref="oc-142"/>
      </symbol>
      <symbol id="sm-bb">
         <name>com_get_string</name>
         <value>0x250d</value>
         <object_component_ref idref="oc-142"/>
      </symbol>
      <symbol id="sm-bc">
         <name>com_send_char</name>
         <value>0x2617</value>
         <object_component_ref idref="oc-142"/>
      </symbol>
      <symbol id="sm-bd">
         <name>com_get_message</name>
         <value>0x274f</value>
         <object_component_ref idref="oc-142"/>
      </symbol>
      <symbol id="sm-be">
         <name>com_send_string</name>
         <value>0x2673</value>
         <object_component_ref idref="oc-142"/>
      </symbol>
      <symbol id="sm-12a">
         <name>vPortInitialiseBlocks</name>
         <value>0x2985</value>
         <object_component_ref idref="oc-de"/>
      </symbol>
      <symbol id="sm-12b">
         <name>xPortGetFreeHeapSize</name>
         <value>0x297f</value>
         <object_component_ref idref="oc-de"/>
      </symbol>
      <symbol id="sm-12c">
         <name>pvPortMalloc</name>
         <value>0x2809</value>
         <object_component_ref idref="oc-de"/>
      </symbol>
      <symbol id="sm-12d">
         <name>vPortFree</name>
         <value>0x2921</value>
         <object_component_ref idref="oc-de"/>
      </symbol>
      <symbol id="sm-144">
         <name>uxListRemove</name>
         <value>0x2bff</value>
         <object_component_ref idref="oc-e4"/>
      </symbol>
      <symbol id="sm-145">
         <name>vListInsert</name>
         <value>0x2b99</value>
         <object_component_ref idref="oc-e4"/>
      </symbol>
      <symbol id="sm-146">
         <name>vListInitialiseItem</name>
         <value>0x2b4d</value>
         <object_component_ref idref="oc-e4"/>
      </symbol>
      <symbol id="sm-147">
         <name>vListInsertEnd</name>
         <value>0x2b5d</value>
         <object_component_ref idref="oc-e4"/>
      </symbol>
      <symbol id="sm-148">
         <name>vListInitialise</name>
         <value>0x2b1d</value>
         <object_component_ref idref="oc-e4"/>
      </symbol>
      <symbol id="sm-165">
         <name>main</name>
         <value>0x2dcd</value>
         <object_component_ref idref="oc-c2"/>
      </symbol>
      <symbol id="sm-195">
         <name>ulMaxSyscallInterruptPriority</name>
         <value>0x3098</value>
         <object_component_ref idref="oc-7c"/>
      </symbol>
      <symbol id="sm-196">
         <name>vPortSetupTimerInterrupt</name>
         <value>0x2adf</value>
         <object_component_ref idref="oc-32"/>
      </symbol>
      <symbol id="sm-197">
         <name>vPortEndScheduler</name>
         <value>0x2a81</value>
         <object_component_ref idref="oc-32"/>
      </symbol>
      <symbol id="sm-198">
         <name>xPortSysTickHandler</name>
         <value>0x2ab9</value>
         <object_component_ref idref="oc-32"/>
      </symbol>
      <symbol id="sm-199">
         <name>pxPortInitialiseStack</name>
         <value>0x29e1</value>
         <object_component_ref idref="oc-32"/>
      </symbol>
      <symbol id="sm-19a">
         <name>vPortExitCritical</name>
         <value>0x2aa3</value>
         <object_component_ref idref="oc-32"/>
      </symbol>
      <symbol id="sm-19b">
         <name>xPortStartScheduler</name>
         <value>0x2a4b</value>
         <object_component_ref idref="oc-32"/>
      </symbol>
      <symbol id="sm-19c">
         <name>vPortEnterCritical</name>
         <value>0x2a83</value>
         <object_component_ref idref="oc-32"/>
      </symbol>
      <symbol id="sm-1ab">
         <name>vPortStartFirstTask</name>
         <value>0x2cf1</value>
         <object_component_ref idref="oc-2d"/>
      </symbol>
      <symbol id="sm-1ac">
         <name>ulPortGetIPSR</name>
         <value>0x2c59</value>
         <object_component_ref idref="oc-2d"/>
      </symbol>
      <symbol id="sm-1ad">
         <name>vPortEnableVFP</name>
         <value>0x2d15</value>
         <object_component_ref idref="oc-2d"/>
      </symbol>
      <symbol id="sm-1ae">
         <name>xPortPendSVHandler</name>
         <value>0x2c71</value>
         <object_component_ref idref="oc-2d"/>
      </symbol>
      <symbol id="sm-1af">
         <name>vPortSVCHandler</name>
         <value>0x2cd1</value>
         <object_component_ref idref="oc-2d"/>
      </symbol>
      <symbol id="sm-1de">
         <name>ResetISR</name>
         <value>0x3083</value>
         <object_component_ref idref="oc-27"/>
      </symbol>
      <symbol id="sm-1df">
         <name>g_pfnVectors</name>
         <value>0x0</value>
         <object_component_ref idref="oc-12"/>
      </symbol>
      <symbol id="sm-1fd">
         <name>status_led_init</name>
         <value>0x2f99</value>
         <object_component_ref idref="oc-13c"/>
      </symbol>
      <symbol id="sm-1fe">
         <name>status_led_task</name>
         <value>0x2fc7</value>
         <object_component_ref idref="oc-13c"/>
      </symbol>
      <symbol id="sm-215">
         <name>init_systick</name>
         <value>0x2ec5</value>
         <object_component_ref idref="oc-136"/>
      </symbol>
      <symbol id="sm-401">
         <name>vTaskDelay</name>
         <value>0x5eb</value>
         <object_component_ref idref="oc-7f"/>
      </symbol>
      <symbol id="sm-402">
         <name>vTaskSuspendAll</name>
         <value>0xb33</value>
         <object_component_ref idref="oc-7f"/>
      </symbol>
      <symbol id="sm-403">
         <name>vTaskPlaceOnEventList</name>
         <value>0xf9b</value>
         <object_component_ref idref="oc-7f"/>
      </symbol>
      <symbol id="sm-404">
         <name>uxTaskPriorityGetFromISR</name>
         <value>0x64d</value>
         <object_component_ref idref="oc-7f"/>
      </symbol>
      <symbol id="sm-405">
         <name>pcTaskGetName</name>
         <value>0xd11</value>
         <object_component_ref idref="oc-7f"/>
      </symbol>
      <symbol id="sm-406">
         <name>xTaskCheckForTimeOut</name>
         <value>0x12dd</value>
         <object_component_ref idref="oc-7f"/>
      </symbol>
      <symbol id="sm-407">
         <name>vTaskGenericNotifyGiveFromISR</name>
         <value>0x1cb1</value>
         <object_component_ref idref="oc-7f"/>
      </symbol>
      <symbol id="sm-408">
         <name>vTaskRemoveFromUnorderedEventList</name>
         <value>0x1195</value>
         <object_component_ref idref="oc-7f"/>
      </symbol>
      <symbol id="sm-409">
         <name>vTaskPrioritySet</name>
         <value>0x6a9</value>
         <object_component_ref idref="oc-7f"/>
      </symbol>
      <symbol id="sm-40a">
         <name>xTaskPriorityDisinherit</name>
         <value>0x15a9</value>
         <object_component_ref idref="oc-7f"/>
      </symbol>
      <symbol id="sm-40b">
         <name>vTaskStartScheduler</name>
         <value>0xacd</value>
         <object_component_ref idref="oc-7f"/>
      </symbol>
      <symbol id="sm-40c">
         <name>vTaskInternalSetTimeOutState</name>
         <value>0x12bd</value>
         <object_component_ref idref="oc-7f"/>
      </symbol>
      <symbol id="sm-40d">
         <name>pvTaskIncrementMutexHeldCount</name>
         <value>0x17c9</value>
         <object_component_ref idref="oc-7f"/>
      </symbol>
      <symbol id="sm-40e">
         <name>xTaskGenericNotifyStateClear</name>
         <value>0x1e09</value>
         <object_component_ref idref="oc-7f"/>
      </symbol>
      <symbol id="sm-40f">
         <name>xTaskGenericNotify</name>
         <value>0x1951</value>
         <object_component_ref idref="oc-7f"/>
      </symbol>
      <symbol id="sm-410">
         <name>vTaskPriorityDisinheritAfterTimeout</name>
         <value>0x16a1</value>
         <object_component_ref idref="oc-7f"/>
      </symbol>
      <symbol id="sm-411">
         <name>xTaskCreate</name>
         <value>0x26d</value>
         <object_component_ref idref="oc-7f"/>
      </symbol>
      <symbol id="sm-412">
         <name>xTaskDelayUntil</name>
         <value>0x55b</value>
         <object_component_ref idref="oc-7f"/>
      </symbol>
      <symbol id="sm-413">
         <name>vTaskEndScheduler</name>
         <value>0xb17</value>
         <object_component_ref idref="oc-7f"/>
      </symbol>
      <symbol id="sm-414">
         <name>vTaskMissedYield</name>
         <value>0x1361</value>
         <object_component_ref idref="oc-7f"/>
      </symbol>
      <symbol id="sm-415">
         <name>uxTaskGetNumberOfTasks</name>
         <value>0xd01</value>
         <object_component_ref idref="oc-7f"/>
      </symbol>
      <symbol id="sm-416">
         <name>xTaskCatchUpTicks</name>
         <value>0xd31</value>
         <object_component_ref idref="oc-7f"/>
      </symbol>
      <symbol id="sm-417">
         <name>xTaskGenericNotifyFromISR</name>
         <value>0x1ad9</value>
         <object_component_ref idref="oc-7f"/>
      </symbol>
      <symbol id="sm-418">
         <name>uxTaskPriorityGet</name>
         <value>0x621</value>
         <object_component_ref idref="oc-7f"/>
      </symbol>
      <symbol id="sm-419">
         <name>xTaskResumeAll</name>
         <value>0xb49</value>
         <object_component_ref idref="oc-7f"/>
      </symbol>
      <symbol id="sm-41a">
         <name>xTaskGetTickCount</name>
         <value>0xcd5</value>
         <object_component_ref idref="oc-7f"/>
      </symbol>
      <symbol id="sm-41b">
         <name>ulTaskGenericNotifyTake</name>
         <value>0x17e9</value>
         <object_component_ref idref="oc-7f"/>
      </symbol>
      <symbol id="sm-41c">
         <name>vTaskDelete</name>
         <value>0x4a3</value>
         <object_component_ref idref="oc-7f"/>
      </symbol>
      <symbol id="sm-41d">
         <name>ulTaskGenericNotifyValueClear</name>
         <value>0x1e59</value>
         <object_component_ref idref="oc-7f"/>
      </symbol>
      <symbol id="sm-41e">
         <name>xTaskGenericNotifyWait</name>
         <value>0x188f</value>
         <object_component_ref idref="oc-7f"/>
      </symbol>
      <symbol id="sm-41f">
         <name>pxCurrentTCB</name>
         <value>0x20001ea0</value>
         <object_component_ref idref="oc-79"/>
      </symbol>
      <symbol id="sm-420">
         <name>vTaskSuspend</name>
         <value>0x801</value>
         <object_component_ref idref="oc-7f"/>
      </symbol>
      <symbol id="sm-421">
         <name>xTaskGetTickCountFromISR</name>
         <value>0xce9</value>
         <object_component_ref idref="oc-7f"/>
      </symbol>
      <symbol id="sm-422">
         <name>vTaskResume</name>
         <value>0x92b</value>
         <object_component_ref idref="oc-7f"/>
      </symbol>
      <symbol id="sm-423">
         <name>uxTopUsedPriority</name>
         <value>0x309c</value>
         <object_component_ref idref="oc-f6"/>
      </symbol>
      <symbol id="sm-424">
         <name>vTaskSetTimeOutState</name>
         <value>0x129f</value>
         <object_component_ref idref="oc-7f"/>
      </symbol>
      <symbol id="sm-425">
         <name>xTaskIncrementTick</name>
         <value>0xd6d</value>
         <object_component_ref idref="oc-7f"/>
      </symbol>
      <symbol id="sm-426">
         <name>vTaskSwitchContext</name>
         <value>0xf39</value>
         <object_component_ref idref="oc-7f"/>
      </symbol>
      <symbol id="sm-427">
         <name>uxTaskResetEventItemValue</name>
         <value>0x17a1</value>
         <object_component_ref idref="oc-7f"/>
      </symbol>
      <symbol id="sm-428">
         <name>xTaskResumeFromISR</name>
         <value>0x9f5</value>
         <object_component_ref idref="oc-7f"/>
      </symbol>
      <symbol id="sm-429">
         <name>xTaskGetCurrentTaskHandle</name>
         <value>0x1465</value>
         <object_component_ref idref="oc-7f"/>
      </symbol>
      <symbol id="sm-42a">
         <name>vTaskPlaceOnUnorderedEventList</name>
         <value>0xfbd</value>
         <object_component_ref idref="oc-7f"/>
      </symbol>
      <symbol id="sm-42b">
         <name>xTaskRemoveFromEventList</name>
         <value>0x1035</value>
         <object_component_ref idref="oc-7f"/>
      </symbol>
      <symbol id="sm-42c">
         <name>xTaskPriorityInherit</name>
         <value>0x1489</value>
         <object_component_ref idref="oc-7f"/>
      </symbol>
      <symbol id="sm-47d">
         <name>uart0_init</name>
         <value>0x1f9d</value>
         <object_component_ref idref="oc-149"/>
      </symbol>
      <symbol id="sm-47e">
         <name>uart_task</name>
         <value>0x23c3</value>
         <object_component_ref idref="oc-149"/>
      </symbol>
      <symbol id="sm-47f">
         <name>uart0_get</name>
         <value>0x20f3</value>
         <object_component_ref idref="oc-149"/>
      </symbol>
      <symbol id="sm-480">
         <name>uart0_lcrh_databits</name>
         <value>0x2045</value>
         <object_component_ref idref="oc-149"/>
      </symbol>
      <symbol id="sm-481">
         <name>uart0_print</name>
         <value>0x211f</value>
         <object_component_ref idref="oc-149"/>
      </symbol>
      <symbol id="sm-482">
         <name>uart0_put</name>
         <value>0x210b</value>
         <object_component_ref idref="oc-149"/>
      </symbol>
      <symbol id="sm-483">
         <name>uart0_printnum16</name>
         <value>0x227d</value>
         <object_component_ref idref="oc-149"/>
      </symbol>
      <symbol id="sm-484">
         <name>uart0_fifos_disable</name>
         <value>0x20d1</value>
         <object_component_ref idref="oc-149"/>
      </symbol>
      <symbol id="sm-485">
         <name>uart_init</name>
         <value>0x23a5</value>
         <object_component_ref idref="oc-149"/>
      </symbol>
      <symbol id="sm-486">
         <name>uart0_fifos_enable</name>
         <value>0x20c5</value>
         <object_component_ref idref="oc-149"/>
      </symbol>
      <symbol id="sm-487">
         <name>uart0_println</name>
         <value>0x2145</value>
         <object_component_ref idref="oc-149"/>
      </symbol>
      <symbol id="sm-488">
         <name>uart0_printnum_no_pad</name>
         <value>0x21dd</value>
         <object_component_ref idref="oc-149"/>
      </symbol>
      <symbol id="sm-489">
         <name>uart0_tx_ready</name>
         <value>0x20fd</value>
         <object_component_ref idref="oc-149"/>
      </symbol>
      <symbol id="sm-48a">
         <name>uart0_printnum</name>
         <value>0x2157</value>
         <object_component_ref idref="oc-149"/>
      </symbol>
      <symbol id="sm-48b">
         <name>uart0_lcrh_parity</name>
         <value>0x2089</value>
         <object_component_ref idref="oc-149"/>
      </symbol>
      <symbol id="sm-48c">
         <name>uart0_rx_ready</name>
         <value>0x20dd</value>
         <object_component_ref idref="oc-149"/>
      </symbol>
      <symbol id="sm-48d">
         <name>uart0_lcrh_stopbits</name>
         <value>0x206f</value>
         <object_component_ref idref="oc-149"/>
      </symbol>
      <symbol id="sm-48e">
         <name>uart0_get_char</name>
         <value>0x20eb</value>
         <object_component_ref idref="oc-149"/>
      </symbol>
      <symbol id="sm-4b0">
         <name>memcpy</name>
         <value>0x2d23</value>
         <object_component_ref idref="oc-46"/>
      </symbol>
      <symbol id="sm-4b1">
         <name>__aeabi_memcpy</name>
         <value>0x2d23</value>
         <object_component_ref idref="oc-46"/>
      </symbol>
      <symbol id="sm-4b2">
         <name>__aeabi_memcpy8</name>
         <value>0x2d23</value>
         <object_component_ref idref="oc-46"/>
      </symbol>
      <symbol id="sm-4b3">
         <name>__aeabi_memcpy4</name>
         <value>0x2d23</value>
         <object_component_ref idref="oc-46"/>
      </symbol>
      <symbol id="sm-4c2">
         <name>__aeabi_memset</name>
         <value>0x2e4b</value>
         <object_component_ref idref="oc-b6"/>
      </symbol>
      <symbol id="sm-4c3">
         <name>memset</name>
         <value>0x2e51</value>
         <object_component_ref idref="oc-b6"/>
      </symbol>
      <symbol id="sm-4c4">
         <name>__aeabi_memset8</name>
         <value>0x2e4b</value>
         <object_component_ref idref="oc-b6"/>
      </symbol>
      <symbol id="sm-4c5">
         <name>__aeabi_memset4</name>
         <value>0x2e4b</value>
         <object_component_ref idref="oc-b6"/>
      </symbol>
      <symbol id="sm-4c6">
         <name>__aeabi_memclr8</name>
         <value>0x2e49</value>
         <object_component_ref idref="oc-b6"/>
      </symbol>
      <symbol id="sm-4c7">
         <name>__aeabi_memclr4</name>
         <value>0x2e49</value>
         <object_component_ref idref="oc-b6"/>
      </symbol>
      <symbol id="sm-4c8">
         <name>__aeabi_memclr</name>
         <value>0x2e49</value>
         <object_component_ref idref="oc-b6"/>
      </symbol>
      <symbol id="sm-4db">
         <name>__TI_zero_init</name>
         <value>0x3077</value>
         <object_component_ref idref="oc-58"/>
      </symbol>
      <symbol id="sm-4f2">
         <name>__TI_decompress_none</name>
         <value>0x3069</value>
         <object_component_ref idref="oc-1b"/>
      </symbol>
      <symbol id="sm-515">
         <name>__TI_decompress_lzss</name>
         <value>0x2f31</value>
         <object_component_ref idref="oc-15"/>
      </symbol>
      <symbol id="sm-528">
         <name>__stack</name>
         <value>0x20001ca0</value>
         <object_component_ref idref="oc-24"/>
      </symbol>
      <symbol id="sm-529">
         <name>_c_int00_noargs</name>
         <value>0x3035</value>
         <object_component_ref idref="oc-64"/>
      </symbol>
      <symbol id="sm-552">
         <name>__TI_auto_init_nobinit_nopinit</name>
         <value>0x2ff1</value>
         <object_component_ref idref="oc-15c"/>
      </symbol>
      <symbol id="sm-55c">
         <name>_system_pre_init</name>
         <value>0x308f</value>
         <object_component_ref idref="oc-bc"/>
      </symbol>
      <symbol id="sm-568">
         <name>C$$EXIT</name>
         <value>0x3093</value>
         <object_component_ref idref="oc-150"/>
      </symbol>
      <symbol id="sm-569">
         <name>abort</name>
         <value>0x3093</value>
         <object_component_ref idref="oc-150"/>
      </symbol>
      <symbol id="sm-56c">
         <name>__TI_static_base__</name>
         <value>0x0</value>
      </symbol>
      <symbol id="sm-56f">
         <name>__mpu_init</name>
         <value>0x0</value>
      </symbol>
      <symbol id="sm-570">
         <name>_system_post_cinit</name>
         <value>0x0</value>
      </symbol>
   </symbol_table>
   <title>Link successful</title>
</link_info>
