******************************************************************************
                  TI ARM Linker PC v20.2.6                     
******************************************************************************
>> Linked Wed May 18 15:26:51 2022

OUTPUT FILE NAME:   <Projektv1.out>
ENTRY POINT SYMBOL: "_c_int00_noargs"  address: 00003035


MEMORY CONFIGURATION

         name            origin    length      used     unused   attr    fill
----------------------  --------  ---------  --------  --------  ----  --------
  FLASH                 00000000   00040000  000030d6  0003cf2a  R  X
  SRAM                  20000000   00008000  00001ede  00006122  RW X


SEGMENT ALLOCATION MAP

run origin  load origin   length   init length attrs members
----------  ----------- ---------- ----------- ----- -------
00000000    00000000    000030d8   000030d8    r-x
  00000000    00000000    0000026c   0000026c    r-- .intvecs
  0000026c    0000026c    00002e2a   00002e2a    r-x .text
  00003098    00003098    00000008   00000008    r-- .const
  000030a0    000030a0    00000038   00000038    r-- .cinit
20000000    20000000    00001ee2   00000000    rw-
  20000000    20000000    00001c9c   00000000    rw- .bss
  20001ca0    20001ca0    00000200   00000000    rw- .stack
  20001ea0    20001ea0    00000042   00000000    rw- .data


SECTION ALLOCATION MAP

 output                                  attributes/
section   page    origin      length       input sections
--------  ----  ----------  ----------   ----------------
.intvecs   0    00000000    0000026c     
                  00000000    0000026c     startup_frt.obj (.intvecs)

.text      0    0000026c    00002e2a     
                  0000026c    00001d30     tasks.obj (.text)
                  00001f9c    00000464     uart0.obj (.text)
                  00002400    00000408     com.obj (.text)
                  00002808    000001d8     heap_2.obj (.text)
                  000029e0    0000013c     port.obj (.text)
                  00002b1c    0000012a     list.obj (.text)
                  00002c46    00000002     --HOLE-- [fill = 0]
                  00002c48    000000da     portasm.obj (.text)
                  00002d22    0000009c     rtsv7M4_T_le_v4SPD16_eabi.lib : memcpy_t2.asm.obj (.text)
                  00002dbe    00000002     --HOLE-- [fill = 0]
                  00002dc0    00000088     main.obj (.text)
                  00002e48    0000007a     rtsv7M4_T_le_v4SPD16_eabi.lib : memset_t2.asm.obj (.text)
                  00002ec2    00000002     --HOLE-- [fill = 0]
                  00002ec4    0000006c     systick_frt.obj (.text)
                  00002f30    00000068     rtsv7M4_T_le_v4SPD16_eabi.lib : copy_decompress_lzss.c.obj (.text:decompress:lzss:__TI_decompress_lzss)
                  00002f98    00000058     status_led.obj (.text)
                  00002ff0    00000044     rtsv7M4_T_le_v4SPD16_eabi.lib : autoinit.c.obj (.text:__TI_auto_init_nobinit_nopinit:__TI_auto_init_nobinit_nopinit)
                  00003034    00000034                                   : boot_cortex_m.c.obj (.text:_c_int00_noargs:_c_int00_noargs)
                  00003068    0000000e                                   : copy_decompress_none.c.obj (.text:decompress:none:__TI_decompress_none)
                  00003076    0000000c                                   : copy_zero_init.c.obj (.text:decompress:ZI:__TI_zero_init)
                  00003082    0000000c     startup_frt.obj (.text)
                  0000308e    00000004     rtsv7M4_T_le_v4SPD16_eabi.lib : pre_init.c.obj (.text:_system_pre_init)
                  00003092    00000004                                   : exit.c.obj (.text:abort:abort)

.const     0    00003098    00000008     
                  00003098    00000004     port.obj (.const)
                  0000309c    00000004     tasks.obj (.const)

.cinit     0    000030a0    00000038     
                  000030a0    00000012     (.cinit..data.load) [load image, compression = lzss]
                  000030b2    00000002     --HOLE-- [fill = 0]
                  000030b4    0000000c     (__TI_handler_table)
                  000030c0    00000008     (.cinit..bss.load) [load image, compression = zero_init]
                  000030c8    00000010     (__TI_cinit_table)

.init_array 
*          0    00000000    00000000     UNINITIALIZED

.bss       0    20000000    00001c9c     UNINITIALIZED
                  20000000    00001b58     heap_2.obj (.bss:ucHeap)
                  20001b58    000000c8     tasks.obj (.bss:pxReadyTasksLists)
                  20001c20    00000014     tasks.obj (.bss:xDelayedTaskList1)
                  20001c34    00000014     tasks.obj (.bss:xDelayedTaskList2)
                  20001c48    00000014     tasks.obj (.bss:xPendingReadyList)
                  20001c5c    00000014     tasks.obj (.bss:xSuspendedTaskList)
                  20001c70    00000014     tasks.obj (.bss:xTasksWaitingTermination)
                  20001c84    00000008     tasks.obj (.bss)
                  20001c8c    00000008     heap_2.obj (.bss:xEnd)
                  20001c94    00000008     heap_2.obj (.bss:xStart)

.data      0    20001ea0    00000042     UNINITIALIZED
                  20001ea0    00000034     tasks.obj (.data)
                  20001ed4    00000008     heap_2.obj (.data)
                  20001edc    00000004     port.obj (.data)
                  20001ee0    00000001     com.obj (.data)
                  20001ee1    00000001     main.obj (.data)

.stack     0    20001ca0    00000200     UNINITIALIZED
                  20001ca0    00000004     rtsv7M4_T_le_v4SPD16_eabi.lib : boot_cortex_m.c.obj (.stack)
                  20001ca4    000001fc     --HOLE--

__llvm_prf_cnts 
*          0    20000000    00000000     UNINITIALIZED

MODULE SUMMARY

       Module                       code    ro data   rw data
       ------                       ----    -------   -------
    .\
       tasks.obj                    7472    4         360    
       heap_2.obj                   472     0         7024   
       uart0.obj                    1124    0         0      
       com.obj                      1032    0         1      
       startup_frt.obj              12      620       0      
       port.obj                     316     4         4      
       list.obj                     298     0         0      
       portasm.obj                  218     0         0      
       main.obj                     136     0         1      
       systick_frt.obj              108     0         0      
       status_led.obj               88      0         0      
    +--+----------------------------+-------+---------+---------+
       Total:                       11276   628       7390   
                                                             
    C:\ti\ccs1110\ccs\tools\compiler\ti-cgt-arm_20.2.6.LTS\lib\rtsv7M4_T_le_v4SPD16_eabi.lib
       memcpy_t2.asm.obj            156     0         0      
       memset_t2.asm.obj            122     0         0      
       copy_decompress_lzss.c.obj   104     0         0      
       autoinit.c.obj               68      0         0      
       boot_cortex_m.c.obj          52      0         0      
       copy_decompress_none.c.obj   14      0         0      
       copy_zero_init.c.obj         12      0         0      
       exit.c.obj                   4       0         0      
       pre_init.c.obj               4       0         0      
    +--+----------------------------+-------+---------+---------+
       Total:                       536     0         0      
                                                             
       Stack:                       0       0         512    
       Linker Generated:            0       54        0      
    +--+----------------------------+-------+---------+---------+
       Grand Total:                 11812   682       7902   


LINKER GENERATED COPY TABLES

__TI_cinit_table @ 000030c8 records: 2, size/record: 8, table size: 16
	.data: load addr=000030a0, load size=00000012 bytes, run addr=20001ea0, run size=00000042 bytes, compression=lzss
	.bss: load addr=000030c0, load size=00000008 bytes, run addr=20000000, run size=00001c9c bytes, compression=zero_init


LINKER GENERATED HANDLER TABLE

__TI_handler_table @ 000030b4 records: 3, size/record: 4, table size: 12
	index: 0, handler: __TI_decompress_lzss
	index: 1, handler: __TI_decompress_none
	index: 2, handler: __TI_zero_init


GLOBAL SYMBOLS: SORTED ALPHABETICALLY BY Name 

address   name                               
-------   ----                               
00003093  C$$EXIT                            
00003083  ResetISR                           
20001ea0  __STACK_END                        
00000200  __STACK_SIZE                       
20001ea0  __STACK_TOP                        
000030c8  __TI_CINIT_Base                    
000030d8  __TI_CINIT_Limit                   
000030b4  __TI_Handler_Table_Base            
000030c0  __TI_Handler_Table_Limit           
00002ff1  __TI_auto_init_nobinit_nopinit     
00002f31  __TI_decompress_lzss               
00003069  __TI_decompress_none               
ffffffff  __TI_pprof_out_hndl                
ffffffff  __TI_prof_data_size                
ffffffff  __TI_prof_data_start               
00000000  __TI_static_base__                 
00003077  __TI_zero_init                     
00002e49  __aeabi_memclr                     
00002e49  __aeabi_memclr4                    
00002e49  __aeabi_memclr8                    
00002d23  __aeabi_memcpy                     
00002d23  __aeabi_memcpy4                    
00002d23  __aeabi_memcpy8                    
00002e4b  __aeabi_memset                     
00002e4b  __aeabi_memset4                    
00002e4b  __aeabi_memset8                    
ffffffff  __binit__                          
ffffffff  __c_args__                         
UNDEFED   __mpu_init                         
20001ca0  __stack                            
20000000  __start___llvm_prf_cnts            
20000000  __stop___llvm_prf_cnts             
00003035  _c_int00_noargs                    
UNDEFED   _system_post_cinit                 
0000308f  _system_pre_init                   
00003093  abort                              
ffffffff  binit                              
00002787  com_echo_message                   
000024a1  com_get_data                       
0000274f  com_get_message                    
0000250d  com_get_string                     
000026c9  com_get_string_better              
00002401  com_init                           
000025c7  com_send_bit                       
00002617  com_send_char                      
0000276d  com_send_message                   
00002443  com_send_signal                    
00002673  com_send_string                    
00002799  com_task                           
000024e5  com_wait_for_next                  
000024f9  com_wait_for_signal                
00000000  g_pfnVectors                       
00002ec5  init_systick                       
00002dcd  main                               
00002d23  memcpy                             
00002e51  memset                             
00000d11  pcTaskGetName                      
00002809  pvPortMalloc                       
000017c9  pvTaskIncrementMutexHeldCount      
20001ea0  pxCurrentTCB                       
000029e1  pxPortInitialiseStack              
20001ee0  signal_flag                        
00002f99  status_led_init                    
00002fc7  status_led_task                    
000020d1  uart0_fifos_disable                
000020c5  uart0_fifos_enable                 
000020f3  uart0_get                          
000020eb  uart0_get_char                     
00001f9d  uart0_init                         
00002045  uart0_lcrh_databits                
00002089  uart0_lcrh_parity                  
0000206f  uart0_lcrh_stopbits                
0000211f  uart0_print                        
00002145  uart0_println                      
00002157  uart0_printnum                     
0000227d  uart0_printnum16                   
000021dd  uart0_printnum_no_pad              
0000210b  uart0_put                          
000020dd  uart0_rx_ready                     
000020fd  uart0_tx_ready                     
000023a5  uart_init                          
000023c3  uart_task                          
00003098  ulMaxSyscallInterruptPriority      
00002c59  ulPortGetIPSR                      
000017e9  ulTaskGenericNotifyTake            
00001e59  ulTaskGenericNotifyValueClear      
00002bff  uxListRemove                       
00000d01  uxTaskGetNumberOfTasks             
00000621  uxTaskPriorityGet                  
0000064d  uxTaskPriorityGetFromISR           
000017a1  uxTaskResetEventItemValue          
0000309c  uxTopUsedPriority                  
00002b1d  vListInitialise                    
00002b4d  vListInitialiseItem                
00002b99  vListInsert                        
00002b5d  vListInsertEnd                     
00002d15  vPortEnableVFP                     
00002a81  vPortEndScheduler                  
00002a83  vPortEnterCritical                 
00002aa3  vPortExitCritical                  
00002921  vPortFree                          
00002985  vPortInitialiseBlocks              
00002cd1  vPortSVCHandler                    
00002adf  vPortSetupTimerInterrupt           
00002cf1  vPortStartFirstTask                
000005eb  vTaskDelay                         
000004a3  vTaskDelete                        
00000b17  vTaskEndScheduler                  
00001cb1  vTaskGenericNotifyGiveFromISR      
000012bd  vTaskInternalSetTimeOutState       
00001361  vTaskMissedYield                   
00000f9b  vTaskPlaceOnEventList              
00000fbd  vTaskPlaceOnUnorderedEventList     
000016a1  vTaskPriorityDisinheritAfterTimeout
000006a9  vTaskPrioritySet                   
00001195  vTaskRemoveFromUnorderedEventList  
0000092b  vTaskResume                        
0000129f  vTaskSetTimeOutState               
00000acd  vTaskStartScheduler                
00000801  vTaskSuspend                       
00000b33  vTaskSuspendAll                    
00000f39  vTaskSwitchContext                 
0000297f  xPortGetFreeHeapSize               
00002c71  xPortPendSVHandler                 
00002a4b  xPortStartScheduler                
00002ab9  xPortSysTickHandler                
00000d31  xTaskCatchUpTicks                  
000012dd  xTaskCheckForTimeOut               
0000026d  xTaskCreate                        
0000055b  xTaskDelayUntil                    
00001951  xTaskGenericNotify                 
00001ad9  xTaskGenericNotifyFromISR          
00001e09  xTaskGenericNotifyStateClear       
0000188f  xTaskGenericNotifyWait             
00001465  xTaskGetCurrentTaskHandle          
00000cd5  xTaskGetTickCount                  
00000ce9  xTaskGetTickCountFromISR           
00000d6d  xTaskIncrementTick                 
000015a9  xTaskPriorityDisinherit            
00001489  xTaskPriorityInherit               
00001035  xTaskRemoveFromEventList           
00000b49  xTaskResumeAll                     
000009f5  xTaskResumeFromISR                 


GLOBAL SYMBOLS: SORTED BY Symbol Address 

address   name                               
-------   ----                               
00000000  __TI_static_base__                 
00000000  g_pfnVectors                       
00000200  __STACK_SIZE                       
0000026d  xTaskCreate                        
000004a3  vTaskDelete                        
0000055b  xTaskDelayUntil                    
000005eb  vTaskDelay                         
00000621  uxTaskPriorityGet                  
0000064d  uxTaskPriorityGetFromISR           
000006a9  vTaskPrioritySet                   
00000801  vTaskSuspend                       
0000092b  vTaskResume                        
000009f5  xTaskResumeFromISR                 
00000acd  vTaskStartScheduler                
00000b17  vTaskEndScheduler                  
00000b33  vTaskSuspendAll                    
00000b49  xTaskResumeAll                     
00000cd5  xTaskGetTickCount                  
00000ce9  xTaskGetTickCountFromISR           
00000d01  uxTaskGetNumberOfTasks             
00000d11  pcTaskGetName                      
00000d31  xTaskCatchUpTicks                  
00000d6d  xTaskIncrementTick                 
00000f39  vTaskSwitchContext                 
00000f9b  vTaskPlaceOnEventList              
00000fbd  vTaskPlaceOnUnorderedEventList     
00001035  xTaskRemoveFromEventList           
00001195  vTaskRemoveFromUnorderedEventList  
0000129f  vTaskSetTimeOutState               
000012bd  vTaskInternalSetTimeOutState       
000012dd  xTaskCheckForTimeOut               
00001361  vTaskMissedYield                   
00001465  xTaskGetCurrentTaskHandle          
00001489  xTaskPriorityInherit               
000015a9  xTaskPriorityDisinherit            
000016a1  vTaskPriorityDisinheritAfterTimeout
000017a1  uxTaskResetEventItemValue          
000017c9  pvTaskIncrementMutexHeldCount      
000017e9  ulTaskGenericNotifyTake            
0000188f  xTaskGenericNotifyWait             
00001951  xTaskGenericNotify                 
00001ad9  xTaskGenericNotifyFromISR          
00001cb1  vTaskGenericNotifyGiveFromISR      
00001e09  xTaskGenericNotifyStateClear       
00001e59  ulTaskGenericNotifyValueClear      
00001f9d  uart0_init                         
00002045  uart0_lcrh_databits                
0000206f  uart0_lcrh_stopbits                
00002089  uart0_lcrh_parity                  
000020c5  uart0_fifos_enable                 
000020d1  uart0_fifos_disable                
000020dd  uart0_rx_ready                     
000020eb  uart0_get_char                     
000020f3  uart0_get                          
000020fd  uart0_tx_ready                     
0000210b  uart0_put                          
0000211f  uart0_print                        
00002145  uart0_println                      
00002157  uart0_printnum                     
000021dd  uart0_printnum_no_pad              
0000227d  uart0_printnum16                   
000023a5  uart_init                          
000023c3  uart_task                          
00002401  com_init                           
00002443  com_send_signal                    
000024a1  com_get_data                       
000024e5  com_wait_for_next                  
000024f9  com_wait_for_signal                
0000250d  com_get_string                     
000025c7  com_send_bit                       
00002617  com_send_char                      
00002673  com_send_string                    
000026c9  com_get_string_better              
0000274f  com_get_message                    
0000276d  com_send_message                   
00002787  com_echo_message                   
00002799  com_task                           
00002809  pvPortMalloc                       
00002921  vPortFree                          
0000297f  xPortGetFreeHeapSize               
00002985  vPortInitialiseBlocks              
000029e1  pxPortInitialiseStack              
00002a4b  xPortStartScheduler                
00002a81  vPortEndScheduler                  
00002a83  vPortEnterCritical                 
00002aa3  vPortExitCritical                  
00002ab9  xPortSysTickHandler                
00002adf  vPortSetupTimerInterrupt           
00002b1d  vListInitialise                    
00002b4d  vListInitialiseItem                
00002b5d  vListInsertEnd                     
00002b99  vListInsert                        
00002bff  uxListRemove                       
00002c59  ulPortGetIPSR                      
00002c71  xPortPendSVHandler                 
00002cd1  vPortSVCHandler                    
00002cf1  vPortStartFirstTask                
00002d15  vPortEnableVFP                     
00002d23  __aeabi_memcpy                     
00002d23  __aeabi_memcpy4                    
00002d23  __aeabi_memcpy8                    
00002d23  memcpy                             
00002dcd  main                               
00002e49  __aeabi_memclr                     
00002e49  __aeabi_memclr4                    
00002e49  __aeabi_memclr8                    
00002e4b  __aeabi_memset                     
00002e4b  __aeabi_memset4                    
00002e4b  __aeabi_memset8                    
00002e51  memset                             
00002ec5  init_systick                       
00002f31  __TI_decompress_lzss               
00002f99  status_led_init                    
00002fc7  status_led_task                    
00002ff1  __TI_auto_init_nobinit_nopinit     
00003035  _c_int00_noargs                    
00003069  __TI_decompress_none               
00003077  __TI_zero_init                     
00003083  ResetISR                           
0000308f  _system_pre_init                   
00003093  C$$EXIT                            
00003093  abort                              
00003098  ulMaxSyscallInterruptPriority      
0000309c  uxTopUsedPriority                  
000030b4  __TI_Handler_Table_Base            
000030c0  __TI_Handler_Table_Limit           
000030c8  __TI_CINIT_Base                    
000030d8  __TI_CINIT_Limit                   
20000000  __start___llvm_prf_cnts            
20000000  __stop___llvm_prf_cnts             
20001ca0  __stack                            
20001ea0  __STACK_END                        
20001ea0  __STACK_TOP                        
20001ea0  pxCurrentTCB                       
20001ee0  signal_flag                        
ffffffff  __TI_pprof_out_hndl                
ffffffff  __TI_prof_data_size                
ffffffff  __TI_prof_data_start               
ffffffff  __binit__                          
ffffffff  __c_args__                         
ffffffff  binit                              
UNDEFED   __mpu_init                         
UNDEFED   _system_post_cinit                 

[143 symbols]
